
Optional file libmchp_peripheral_32MX775F256H.a not found

Optional file libmchp_peripheral.a not found
Archive member included because of file (symbol)

/home/tized/.arduino15/packages/chipKIT/tools/pic32-tools/1.43-pic32gcc/bin/bin/../../lib/gcc/pic32mx/4.8.3/libgcc.a(floatunsisf.o)
                              build/default/production/pwm.o (__floatunsisf)
/home/tized/.arduino15/packages/chipKIT/tools/pic32-tools/1.43-pic32gcc/bin/bin/../../lib/gcc/pic32mx/4.8.3/libgcc.a(adddf3.o)
                              build/default/production/pwm.o (__adddf3)
/home/tized/.arduino15/packages/chipKIT/tools/pic32-tools/1.43-pic32gcc/bin/bin/../../lib/gcc/pic32mx/4.8.3/libgcc.a(divdf3.o)
                              build/default/production/pwm.o (__divdf3)
/home/tized/.arduino15/packages/chipKIT/tools/pic32-tools/1.43-pic32gcc/bin/bin/../../lib/gcc/pic32mx/4.8.3/libgcc.a(muldf3.o)
                              build/default/production/pwm.o (__muldf3)
/home/tized/.arduino15/packages/chipKIT/tools/pic32-tools/1.43-pic32gcc/bin/bin/../../lib/gcc/pic32mx/4.8.3/libgcc.a(subdf3.o)
                              build/default/production/pwm.o (__subdf3)
/home/tized/.arduino15/packages/chipKIT/tools/pic32-tools/1.43-pic32gcc/bin/bin/../../lib/gcc/pic32mx/4.8.3/libgcc.a(fixdfsi.o)
                              build/default/production/pwm.o (__fixdfsi)
/home/tized/.arduino15/packages/chipKIT/tools/pic32-tools/1.43-pic32gcc/bin/bin/../../lib/gcc/pic32mx/4.8.3/libgcc.a(extendsfdf2.o)
                              build/default/production/pwm.o (__extendsfdf2)
/home/tized/.arduino15/packages/chipKIT/tools/pic32-tools/1.43-pic32gcc/bin/bin/../../lib/gcc/pic32mx/4.8.3/libgcc.a(addsf3.o)
                              /home/tized/.arduino15/packages/chipKIT/tools/pic32-tools/1.43-pic32gcc/bin/bin/../../lib/gcc/pic32mx/4.8.3/libgcc.a(floatunsisf.o) (__addsf3)
/home/tized/.arduino15/packages/chipKIT/tools/pic32-tools/1.43-pic32gcc/bin/bin/../../lib/gcc/pic32mx/4.8.3/libgcc.a(floatsisf.o)
                              /home/tized/.arduino15/packages/chipKIT/tools/pic32-tools/1.43-pic32gcc/bin/bin/../../lib/gcc/pic32mx/4.8.3/libgcc.a(floatunsisf.o) (__floatsisf)
/home/tized/.arduino15/packages/chipKIT/tools/pic32-tools/1.43-pic32gcc/bin/bin/../../lib/gcc/pic32mx/4.8.3/../../../../pic32mx/lib/libpic32.a(default-bootstrap-exception-handler.o)
                              /home/tized/.arduino15/packages/chipKIT/tools/pic32-tools/1.43-pic32gcc/bin/bin/../../lib/gcc/pic32mx/4.8.3/../../../../pic32mx/lib/./proc/32MX775F256H/crt0_mips32r2.o (_bootstrap_exception_handler)
/home/tized/.arduino15/packages/chipKIT/tools/pic32-tools/1.43-pic32gcc/bin/bin/../../lib/gcc/pic32mx/4.8.3/../../../../pic32mx/lib/libpic32.a(default-on-reset.o)
                              /home/tized/.arduino15/packages/chipKIT/tools/pic32-tools/1.43-pic32gcc/bin/bin/../../lib/gcc/pic32mx/4.8.3/../../../../pic32mx/lib/./proc/32MX775F256H/crt0_mips32r2.o (_on_reset)
/home/tized/.arduino15/packages/chipKIT/tools/pic32-tools/1.43-pic32gcc/bin/bin/../../lib/gcc/pic32mx/4.8.3/../../../../pic32mx/lib/libpic32.a(default-on-bootstrap.o)
                              /home/tized/.arduino15/packages/chipKIT/tools/pic32-tools/1.43-pic32gcc/bin/bin/../../lib/gcc/pic32mx/4.8.3/../../../../pic32mx/lib/./proc/32MX775F256H/crt0_mips32r2.o (_on_bootstrap)
/home/tized/.arduino15/packages/chipKIT/tools/pic32-tools/1.43-pic32gcc/bin/bin/../../lib/gcc/pic32mx/4.8.3/../../../../pic32mx/lib/libpic32.a(default-nmi-handler.o)
                              /home/tized/.arduino15/packages/chipKIT/tools/pic32-tools/1.43-pic32gcc/bin/bin/../../lib/gcc/pic32mx/4.8.3/../../../../pic32mx/lib/./proc/32MX775F256H/crt0_mips32r2.o (_nmi_handler)
/home/tized/.arduino15/packages/chipKIT/tools/pic32-tools/1.43-pic32gcc/bin/bin/../../lib/gcc/pic32mx/4.8.3/../../../../pic32mx/lib/libpic32.a(general-exception.o)
                              /home/tized/.arduino15/packages/chipKIT/tools/pic32-tools/1.43-pic32gcc/bin/bin/../../lib/gcc/pic32mx/4.8.3/../../../../pic32mx/lib/./proc/32MX775F256H/crt0_mips32r2.o (_general_exception_context)
/home/tized/.arduino15/packages/chipKIT/tools/pic32-tools/1.43-pic32gcc/bin/bin/../../lib/gcc/pic32mx/4.8.3/../../../../pic32mx/lib/libpic32.a(vector1.o)
                              /home/tized/.arduino15/packages/chipKIT/tools/pic32-tools/1.43-pic32gcc/bin/bin/../../lib/gcc/pic32mx/4.8.3/../../../../pic32mx/lib/./proc/32MX775F256H/default_isr_vectors.o (__vector_dispatch_1)
/home/tized/.arduino15/packages/chipKIT/tools/pic32-tools/1.43-pic32gcc/bin/bin/../../lib/gcc/pic32mx/4.8.3/../../../../pic32mx/lib/libpic32.a(vector2.o)
                              /home/tized/.arduino15/packages/chipKIT/tools/pic32-tools/1.43-pic32gcc/bin/bin/../../lib/gcc/pic32mx/4.8.3/../../../../pic32mx/lib/./proc/32MX775F256H/default_isr_vectors.o (__vector_dispatch_2)
[...]
Memory Configuration

Name             Origin             Length             Attributes
exception_mem    0x9d000000         0x00001000
kseg0_program_mem 0x9d001000         0x0003e000         xr
kseg0_eeprom_mem 0x9d03f000         0x00001000
kseg0_boot_mem   0x9fc00490         0x00000000
kseg1_boot_mem   0xbfc00000         0x00000000
debug_exec_mem   0xbfc02000         0x00000000
config3          0xbfc02ff0         0x00000004
config2          0xbfc02ff4         0x00000004
config1          0xbfc02ff8         0x00000004
config0          0xbfc02ffc         0x00000004
kseg1_data_mem   0xa0000000         0x00008000         w !x
sfrs             0xbf800000         0x00100000
configsfrs       0xbfc02ff0         0x00000010
*default*        0x00000000         0xffffffff

Linker script and memory map

LOAD /home/tized/.arduino15/packages/chipKIT/tools/pic32-tools/1.43-pic32gcc/bin/bin/../../lib/gcc/pic32mx/4.8.3/../../../../pic32mx/lib/./proc/32MX775F256H/crt0_mips32r2.o
LOAD /home/tized/.arduino15/packages/chipKIT/tools/pic32-tools/1.43-pic32gcc/bin/bin/../../lib/gcc/pic32mx/4.8.3/../../../../pic32mx/lib/debug-exception-return.o
LOAD build/default/production/axis.o
LOAD build/default/production/kreal.o
LOAD build/default/production/pwm.o
LOAD build/default/production/_ext/1398951391/cd4048b.o
                0x00000001                __MPLAB_BUILD = 0x1
                0x00000800                PROVIDE (_min_stack_size, 0x800)
                0x00000800                PROVIDE (_min_heap_size, 0x800)
LOAD /home/tized/.arduino15/packages/chipKIT/tools/pic32-tools/1.43-pic32gcc/bin/bin/../../lib/gcc/pic32mx/4.8.3/../../../../pic32mx/lib/./proc/32MX775F256H/processor.o
START GROUP
LOAD libmchp_peripheral_32MX775F256H.a
END GROUP
                0x9d000000                _ebase_address = ORIGIN (exception_mem)
                0x9d0000f8                _IMAGE_PTR_TABLE = (_ebase_address + 0xf8)
                0x9d0000fc                _IMAGE_HEADER_ADDR = (_ebase_address + 0xfc)
                0x9d000180                _GEN_EXCPT_ADDR = (_ebase_address + 0x180)
                0x9d001000                _RESET_ADDR = ORIGIN (kseg0_program_mem)
                0x9d03f000                _EEPROM_ADDR = ORIGIN (kseg0_eeprom_mem)
                0xbfc00380                _BEV_EXCPT_ADDR = 0xbfc00380
                0xbfc00480                _DBG_EXCPT_ADDR = 0xbfc00480
                0xbfc02000                _DBG_CODE_ADDR = ORIGIN (debug_exec_mem)
                0x00000000                _imageReserved = 0x0
                0x00000001                _imageMPIDE = 0x1
                0x00000002                _imageBootFlashBootloader = 0x2
                0x00000004                _imageProgramFlashBootloader = 0x4
                0x00000008                _imageSplitFlashBootloader = 0x8
                0x00010000                _imageFullFlashEraseLess4KEEProm = 0x10000
                0x00020000                _imageJustInTimeFlashErase = 0x20000
                0x00040000                _imageLinkerSpecifiedFlashErase = 0x40000
                0x00080000                _imageFullFlashErase = 0x80000
                0x01000000                _imageExecutionJumpAddress = 0x1000000
                0x02000000                _imageExecutionJumpToFirstInFlash = 0x2000000
                0x01020001                _IMAGE_TYPE = ((_imageMPIDE | _imageJustInTimeFlashErase) | _imageExecutionJumpAddress)
                0x0003f000                _IMAGE_FLASH_SIZE = 0x3f000
                0x9d001000                _JUMP_ADDR = _RESET_ADDR

.reset          0x9d001000        0x8
 *(.reset)
 .reset         0x9d001000        0x8 /home/tized/.arduino15/packages/chipKIT/tools/pic32-tools/1.43-pic32gcc/bin/bin/../../lib/gcc/pic32mx/4.8.3/../../../../pic32mx/lib/./proc/32MX775F256H/crt0_mips32r2.o
                0x9d001000                _reset

/DISCARD/
 *(._debug_exception)
 *(.config_*)
 *(.bev_handler)
 *(.pdr)
 *(.reginfo)
 *(.rel.dyn)
 *(.note.GNU-stack)
 *(.note.GNU-stack)
 *(.gnu_debuglink)
 *(.gnu.lto_*)
 *(.discard)
                0x00000001                PROVIDE (_vector_spacing, 0x1)
LOAD /home/tized/.arduino15/packages/chipKIT/tools/pic32-tools/1.43-pic32gcc/bin/bin/../../lib/gcc/pic32mx/4.8.3/crtbegin.o
LOAD /home/tized/.arduino15/packages/chipKIT/tools/pic32-tools/1.43-pic32gcc/bin/bin/../../lib/gcc/pic32mx/4.8.3/crtend.o
LOAD /home/tized/.arduino15/packages/chipKIT/tools/pic32-tools/1.43-pic32gcc/bin/bin/../../lib/gcc/pic32mx/4.8.3/crtn.o
START GROUP
LOAD libmchp_peripheral.a
END GROUP

.eeprom_pic32
 *(.eeprom_pic32 .eeprom_pic32.*)

.image_ptr_table
                0x9d0000f8        0x8
                0x9d0000f8        0x4 LONG 0x9d000000 _ebase_address
                0x9d0000fc        0x4 LONG 0x9d001048 _image_header_info

.app_excpt      0x9d000180       0x10
 *(.gen_handler)
 .gen_handler   0x9d000180       0x10 /home/tized/.arduino15/packages/chipKIT/tools/pic32-tools/1.43-pic32gcc/bin/bin/../../lib/gcc/pic32mx/4.8.3/../../../../pic32mx/lib/./proc/32MX775F256H/crt0_mips32r2.o

.vector_0       0x9d000200        0x8
                0x9d000200                _new_vector_0 = .
 *(.vector_new_0)
                0x9d000200                _original_vector_0 = .
 *(.vector_0)
 .vector_0      0x9d000200        0x8 build/default/production/kreal.o
                0x9d000200                __vector_dispatch_0
                0x00000001                ASSERT (((_vector_spacing == 0x0) || (SIZEOF (.vector_0) <= (_vector_spacing << 0x5))), function at exception vector 0 too large)

.vector_1       0x9d000220        0x8
 *(.vector_new_1)
 *(.vector_1)
 .vector_1      0x9d000220        0x8 /home/tized/.arduino15/packages/chipKIT/tools/pic32-tools/1.43-pic32gcc/bin/bin/../../lib/gcc/pic32mx/4.8.3/../../../../pic32mx/lib/libpic32.a(vector1.o)
                0x9d000220                __vector_dispatch_1
                0x00000001                ASSERT (((_vector_spacing == 0x0) || (SIZEOF (.vector_1) <= (_vector_spacing << 0x5))), function at exception vector 1 too large)

.vector_2       0x9d000240        0x8
 *(.vector_new_2)
 *(.vector_2)
 .vector_2      0x9d000240        0x8 /home/tized/.arduino15/packages/chipKIT/tools/pic32-tools/1.43-pic32gcc/bin/bin/../../lib/gcc/pic32mx/4.8.3/../../../../pic32mx/lib/libpic32.a(vector2.o)
                0x9d000240                __vector_dispatch_2
                0x00000001                ASSERT (((_vector_spacing == 0x0) || (SIZEOF (.vector_2) <= (_vector_spacing << 0x5))), function at exception vector 2 too large)

.vector_3       0x9d000260        0x8
 *(.vector_new_3)
 *(.vector_3)
 .vector_3      0x9d000260        0x8 build/default/production/kreal.o
                0x9d000260                __vector_dispatch_3
                0x00000001                ASSERT (((_vector_spacing == 0x0) || (SIZEOF (.vector_3) <= (_vector_spacing << 0x5))), function at exception vector 3 too large)

.vector_4       0x9d000280        0x8
 *(.vector_new_4)
 *(.vector_4)
 .vector_4      0x9d000280        0x8 build/default/production/kreal.o
                0x9d000280                __vector_dispatch_4
                0x00000001                ASSERT (((_vector_spacing == 0x0) || (SIZEOF (.vector_4) <= (_vector_spacing << 0x5))), function at exception vector 4 too large)

.vector_5       0x9d0002a0        0x8
 *(.vector_new_5)
 *(.vector_5)
 .vector_5      0x9d0002a0        0x8 /home/tized/.arduino15/packages/chipKIT/tools/pic32-tools/1.43-pic32gcc/bin/bin/../../lib/gcc/pic32mx/4.8.3/../../../../pic32mx/lib/libpic32.a(vector5.o)
                0x9d0002a0                __vector_dispatch_5
                0x00000001                ASSERT (((_vector_spacing == 0x0) || (SIZEOF (.vector_5) <= (_vector_spacing << 0x5))), function at exception vector 5 too large)

.vector_6       0x9d0002c0        0x8
 *(.vector_new_6)
 *(.vector_6)
 .vector_6      0x9d0002c0        0x8 /home/tized/.arduino15/packages/chipKIT/tools/pic32-tools/1.43-pic32gcc/bin/bin/../../lib/gcc/pic32mx/4.8.3/../../../../pic32mx/lib/libpic32.a(vector6.o)
                0x9d0002c0                __vector_dispatch_6
                0x00000001                ASSERT (((_vector_spacing == 0x0) || (SIZEOF (.vector_6) <= (_vector_spacing << 0x5))), function at exception vector 6 too large)

.vector_7       0x9d0002e0        0x8
 *(.vector_new_7)
 *(.vector_7)
 .vector_7      0x9d0002e0        0x8 build/default/production/kreal.o
                0x9d0002e0                __vector_dispatch_7
                0x00000001                ASSERT (((_vector_spacing == 0x0) || (SIZEOF (.vector_7) <= (_vector_spacing << 0x5))), function at exception vector 7 too large)

.vector_8       0x9d000300        0x8
 *(.vector_new_8)
 *(.vector_8)
 .vector_8      0x9d000300        0x8 /home/tized/.arduino15/packages/chipKIT/tools/pic32-tools/1.43-pic32gcc/bin/bin/../../lib/gcc/pic32mx/4.8.3/../../../../pic32mx/lib/libpic32.a(vector8.o)
                0x9d000300                __vector_dispatch_8
                0x00000001                ASSERT (((_vector_spacing == 0x0) || (SIZEOF (.vector_8) <= (_vector_spacing << 0x5))), function at exception vector 8 too large)

.vector_9       0x9d000320        0x8
 *(.vector_new_9)
 *(.vector_9)
 .vector_9      0x9d000320        0x8 /home/tized/.arduino15/packages/chipKIT/tools/pic32-tools/1.43-pic32gcc/bin/bin/../../lib/gcc/pic32mx/4.8.3/../../../../pic32mx/lib/libpic32.a(vector9.o)
                0x9d000320                __vector_dispatch_9
                0x00000001                ASSERT (((_vector_spacing == 0x0) || (SIZEOF (.vector_9) <= (_vector_spacing << 0x5))), function at exception vector 9 too large)

.vector_10      0x9d000340        0x8
 *(.vector_new_10)
 *(.vector_10)
 .vector_10     0x9d000340        0x8 /home/tized/.arduino15/packages/chipKIT/tools/pic32-tools/1.43-pic32gcc/bin/bin/../../lib/gcc/pic32mx/4.8.3/../../../../pic32mx/lib/libpic32.a(vector10.o)
                0x9d000340                __vector_dispatch_10
                0x00000001                ASSERT (((_vector_spacing == 0x0) || (SIZEOF (.vector_10) <= (_vector_spacing << 0x5))), function at exception vector 10 too large)

.vector_11      0x9d000360        0x8
 *(.vector_new_11)
 *(.vector_11)
 .vector_11     0x9d000360        0x8 build/default/production/kreal.o
                0x9d000360                __vector_dispatch_11
                0x00000001                ASSERT (((_vector_spacing == 0x0) || (SIZEOF (.vector_11) <= (_vector_spacing << 0x5))), function at exception vector 11 too large)

.vector_12      0x9d000380        0x8
 *(.vector_new_12)
 *(.vector_12)
 .vector_12     0x9d000380        0x8 /home/tized/.arduino15/packages/chipKIT/tools/pic32-tools/1.43-pic32gcc/bin/bin/../../lib/gcc/pic32mx/4.8.3/../../../../pic32mx/lib/libpic32.a(vector12.o)
                0x9d000380                __vector_dispatch_12
                0x00000001                ASSERT (((_vector_spacing == 0x0) || (SIZEOF (.vector_12) <= (_vector_spacing << 0x5))), function at exception vector 12 too large)

.vector_13      0x9d0003a0        0x8
 *(.vector_new_13)
 *(.vector_13)
 .vector_13     0x9d0003a0        0x8 /home/tized/.arduino15/packages/chipKIT/tools/pic32-tools/1.43-pic32gcc/bin/bin/../../lib/gcc/pic32mx/4.8.3/../../../../pic32mx/lib/libpic32.a(vector13.o)
                0x9d0003a0                __vector_dispatch_13
                0x00000001                ASSERT (((_vector_spacing == 0x0) || (SIZEOF (.vector_13) <= (_vector_spacing << 0x5))), function at exception vector 13 too large)

.vector_14      0x9d0003c0        0x8
 *(.vector_new_14)
 *(.vector_14)
 .vector_14     0x9d0003c0        0x8 /home/tized/.arduino15/packages/chipKIT/tools/pic32-tools/1.43-pic32gcc/bin/bin/../../lib/gcc/pic32mx/4.8.3/../../../../pic32mx/lib/libpic32.a(vector14.o)
                0x9d0003c0                __vector_dispatch_14
                0x00000001                ASSERT (((_vector_spacing == 0x0) || (SIZEOF (.vector_14) <= (_vector_spacing << 0x5))), function at exception vector 14 too large)

.vector_15      0x9d0003e0        0x8
 *(.vector_new_15)
 *(.vector_15)
 .vector_15     0x9d0003e0        0x8 build/default/production/kreal.o
                0x9d0003e0                __vector_dispatch_15
                0x00000001                ASSERT (((_vector_spacing == 0x0) || (SIZEOF (.vector_15) <= (_vector_spacing << 0x5))), function at exception vector 15 too large)

.vector_16      0x9d000400        0x8
 *(.vector_new_16)
 *(.vector_16)
 .vector_16     0x9d000400        0x8 /home/tized/.arduino15/packages/chipKIT/tools/pic32-tools/1.43-pic32gcc/bin/bin/../../lib/gcc/pic32mx/4.8.3/../../../../pic32mx/lib/libpic32.a(vector16.o)
                0x9d000400                __vector_dispatch_16
                0x00000001                ASSERT (((_vector_spacing == 0x0) || (SIZEOF (.vector_16) <= (_vector_spacing << 0x5))), function at exception vector 16 too large)

.vector_17      0x9d000420        0x8
 *(.vector_new_17)
 *(.vector_17)
 .vector_17     0x9d000420        0x8 /home/tized/.arduino15/packages/chipKIT/tools/pic32-tools/1.43-pic32gcc/bin/bin/../../lib/gcc/pic32mx/4.8.3/../../../../pic32mx/lib/libpic32.a(vector17.o)
                0x9d000420                __vector_dispatch_17
                0x00000001                ASSERT (((_vector_spacing == 0x0) || (SIZEOF (.vector_17) <= (_vector_spacing << 0x5))), function at exception vector 17 too large)

.vector_18      0x9d000440        0x8
 *(.vector_new_18)
 *(.vector_18)
 .vector_18     0x9d000440        0x8 /home/tized/.arduino15/packages/chipKIT/tools/pic32-tools/1.43-pic32gcc/bin/bin/../../lib/gcc/pic32mx/4.8.3/../../../../pic32mx/lib/libpic32.a(vector18.o)
                0x9d000440                __vector_dispatch_18
                0x00000001                ASSERT (((_vector_spacing == 0x0) || (SIZEOF (.vector_18) <= (_vector_spacing << 0x5))), function at exception vector 18 too large)

.vector_19      0x9d000460        0x8
 *(.vector_new_19)
 *(.vector_19)
 .vector_19     0x9d000460        0x8 /home/tized/.arduino15/packages/chipKIT/tools/pic32-tools/1.43-pic32gcc/bin/bin/../../lib/gcc/pic32mx/4.8.3/../../../../pic32mx/lib/libpic32.a(vector19.o)
                0x9d000460                __vector_dispatch_19
                0x00000001                ASSERT (((_vector_spacing == 0x0) || (SIZEOF (.vector_19) <= (_vector_spacing << 0x5))), function at exception vector 19 too large)

.vector_20      0x9d000480        0x8
 *(.vector_new_20)
 *(.vector_20)
 .vector_20     0x9d000480        0x8 /home/tized/.arduino15/packages/chipKIT/tools/pic32-tools/1.43-pic32gcc/bin/bin/../../lib/gcc/pic32mx/4.8.3/../../../../pic32mx/lib/libpic32.a(vector20.o)
                0x9d000480                __vector_dispatch_20
                0x00000001                ASSERT (((_vector_spacing == 0x0) || (SIZEOF (.vector_20) <= (_vector_spacing << 0x5))), function at exception vector 20 too large)

.vector_21      0x9d0004a0        0x8
 *(.vector_new_21)
 *(.vector_21)
 .vector_21     0x9d0004a0        0x8 /home/tized/.arduino15/packages/chipKIT/tools/pic32-tools/1.43-pic32gcc/bin/bin/../../lib/gcc/pic32mx/4.8.3/../../../../pic32mx/lib/libpic32.a(vector21.o)
                0x9d0004a0                __vector_dispatch_21
                0x00000001                ASSERT (((_vector_spacing == 0x0) || (SIZEOF (.vector_21) <= (_vector_spacing << 0x5))), function at exception vector 21 too large)

.vector_22      0x9d0004c0        0x8
 *(.vector_new_22)
 *(.vector_22)
 .vector_22     0x9d0004c0        0x8 /home/tized/.arduino15/packages/chipKIT/tools/pic32-tools/1.43-pic32gcc/bin/bin/../../lib/gcc/pic32mx/4.8.3/../../../../pic32mx/lib/libpic32.a(vector22.o)
                0x9d0004c0                __vector_dispatch_22
                0x00000001                ASSERT (((_vector_spacing == 0x0) || (SIZEOF (.vector_22) <= (_vector_spacing << 0x5))), function at exception vector 22 too large)

.vector_23      0x9d0004e0        0x8
 *(.vector_new_23)
 *(.vector_23)
 .vector_23     0x9d0004e0        0x8 /home/tized/.arduino15/packages/chipKIT/tools/pic32-tools/1.43-pic32gcc/bin/bin/../../lib/gcc/pic32mx/4.8.3/../../../../pic32mx/lib/libpic32.a(vector23.o)
                0x9d0004e0                __vector_dispatch_23
                0x00000001                ASSERT (((_vector_spacing == 0x0) || (SIZEOF (.vector_23) <= (_vector_spacing << 0x5))), function at exception vector 23 too large)

.vector_24      0x9d000500        0x8
 *(.vector_new_24)
 *(.vector_24)
 .vector_24     0x9d000500        0x8 /home/tized/.arduino15/packages/chipKIT/tools/pic32-tools/1.43-pic32gcc/bin/bin/../../lib/gcc/pic32mx/4.8.3/../../../../pic32mx/lib/libpic32.a(vector24.o)
                0x9d000500                __vector_dispatch_24
                0x00000001                ASSERT (((_vector_spacing == 0x0) || (SIZEOF (.vector_24) <= (_vector_spacing << 0x5))), function at exception vector 24 too large)

.vector_25      0x9d000520        0x8
 *(.vector_new_25)
 *(.vector_25)
 .vector_25     0x9d000520        0x8 /home/tized/.arduino15/packages/chipKIT/tools/pic32-tools/1.43-pic32gcc/bin/bin/../../lib/gcc/pic32mx/4.8.3/../../../../pic32mx/lib/libpic32.a(vector25.o)
                0x9d000520                __vector_dispatch_25
                0x00000001                ASSERT (((_vector_spacing == 0x0) || (SIZEOF (.vector_25) <= (_vector_spacing << 0x5))), function at exception vector 25 too large)

.vector_26      0x9d000540        0x8
 *(.vector_new_26)
 *(.vector_26)
 .vector_26     0x9d000540        0x8 /home/tized/.arduino15/packages/chipKIT/tools/pic32-tools/1.43-pic32gcc/bin/bin/../../lib/gcc/pic32mx/4.8.3/../../../../pic32mx/lib/libpic32.a(vector26.o)
                0x9d000540                __vector_dispatch_26
                0x00000001                ASSERT (((_vector_spacing == 0x0) || (SIZEOF (.vector_26) <= (_vector_spacing << 0x5))), function at exception vector 26 too large)

.vector_27      0x9d000560        0x8
 *(.vector_new_27)
 *(.vector_27)
 .vector_27     0x9d000560        0x8 /home/tized/.arduino15/packages/chipKIT/tools/pic32-tools/1.43-pic32gcc/bin/bin/../../lib/gcc/pic32mx/4.8.3/../../../../pic32mx/lib/libpic32.a(vector27.o)
                0x9d000560                __vector_dispatch_27
                0x00000001                ASSERT (((_vector_spacing == 0x0) || (SIZEOF (.vector_27) <= (_vector_spacing << 0x5))), function at exception vector 27 too large)

.vector_28      0x9d000580        0x8
 *(.vector_new_28)
 *(.vector_28)
 .vector_28     0x9d000580        0x8 /home/tized/.arduino15/packages/chipKIT/tools/pic32-tools/1.43-pic32gcc/bin/bin/../../lib/gcc/pic32mx/4.8.3/../../../../pic32mx/lib/libpic32.a(vector28.o)
                0x9d000580                __vector_dispatch_28
                0x00000001                ASSERT (((_vector_spacing == 0x0) || (SIZEOF (.vector_28) <= (_vector_spacing << 0x5))), function at exception vector 28 too large)

.vector_29      0x9d0005a0        0x8
 *(.vector_new_29)
 *(.vector_29)
 .vector_29     0x9d0005a0        0x8 /home/tized/.arduino15/packages/chipKIT/tools/pic32-tools/1.43-pic32gcc/bin/bin/../../lib/gcc/pic32mx/4.8.3/../../../../pic32mx/lib/libpic32.a(vector29.o)
                0x9d0005a0                __vector_dispatch_29
                0x00000001                ASSERT (((_vector_spacing == 0x0) || (SIZEOF (.vector_29) <= (_vector_spacing << 0x5))), function at exception vector 29 too large)

.vector_30      0x9d0005c0        0x8
 *(.vector_new_30)
 *(.vector_30)
 .vector_30     0x9d0005c0        0x8 /home/tized/.arduino15/packages/chipKIT/tools/pic32-tools/1.43-pic32gcc/bin/bin/../../lib/gcc/pic32mx/4.8.3/../../../../pic32mx/lib/libpic32.a(vector30.o)
                0x9d0005c0                __vector_dispatch_30
                0x00000001                ASSERT (((_vector_spacing == 0x0) || (SIZEOF (.vector_30) <= (_vector_spacing << 0x5))), function at exception vector 30 too large)

.vector_31      0x9d0005e0        0x8
 *(.vector_new_31)
 *(.vector_31)
 .vector_31     0x9d0005e0        0x8 /home/tized/.arduino15/packages/chipKIT/tools/pic32-tools/1.43-pic32gcc/bin/bin/../../lib/gcc/pic32mx/4.8.3/../../../../pic32mx/lib/libpic32.a(vector31.o)
                0x9d0005e0                __vector_dispatch_31
                0x00000001                ASSERT (((_vector_spacing == 0x0) || (SIZEOF (.vector_31) <= (_vector_spacing << 0x5))), function at exception vector 31 too large)

.vector_32      0x9d000600        0x8
 *(.vector_new_32)
 *(.vector_32)
 .vector_32     0x9d000600        0x8 /home/tized/.arduino15/packages/chipKIT/tools/pic32-tools/1.43-pic32gcc/bin/bin/../../lib/gcc/pic32mx/4.8.3/../../../../pic32mx/lib/libpic32.a(vector32.o)
                0x9d000600                __vector_dispatch_32
                0x00000001                ASSERT (((_vector_spacing == 0x0) || (SIZEOF (.vector_32) <= (_vector_spacing << 0x5))), function at exception vector 32 too large)

.vector_33      0x9d000620        0x8
 *(.vector_new_33)
 *(.vector_33)
 .vector_33     0x9d000620        0x8 /home/tized/.arduino15/packages/chipKIT/tools/pic32-tools/1.43-pic32gcc/bin/bin/../../lib/gcc/pic32mx/4.8.3/../../../../pic32mx/lib/libpic32.a(vector33.o)
                0x9d000620                __vector_dispatch_33
                0x00000001                ASSERT (((_vector_spacing == 0x0) || (SIZEOF (.vector_33) <= (_vector_spacing << 0x5))), function at exception vector 33 too large)

.vector_34      0x9d000640        0x8
 *(.vector_new_34)
 *(.vector_34)
 .vector_34     0x9d000640        0x8 /home/tized/.arduino15/packages/chipKIT/tools/pic32-tools/1.43-pic32gcc/bin/bin/../../lib/gcc/pic32mx/4.8.3/../../../../pic32mx/lib/libpic32.a(vector34.o)
                0x9d000640                __vector_dispatch_34
                0x00000001                ASSERT (((_vector_spacing == 0x0) || (SIZEOF (.vector_34) <= (_vector_spacing << 0x5))), function at exception vector 34 too large)

.vector_35      0x9d000660        0x8
 *(.vector_new_35)
 *(.vector_35)
 .vector_35     0x9d000660        0x8 /home/tized/.arduino15/packages/chipKIT/tools/pic32-tools/1.43-pic32gcc/bin/bin/../../lib/gcc/pic32mx/4.8.3/../../../../pic32mx/lib/libpic32.a(vector35.o)
                0x9d000660                __vector_dispatch_35
                0x00000001                ASSERT (((_vector_spacing == 0x0) || (SIZEOF (.vector_35) <= (_vector_spacing << 0x5))), function at exception vector 35 too large)

.vector_36      0x9d000680        0x8
 *(.vector_new_36)
 *(.vector_36)
 .vector_36     0x9d000680        0x8 build/default/production/kreal.o
                0x9d000680                __vector_dispatch_36
                0x00000001                ASSERT (((_vector_spacing == 0x0) || (SIZEOF (.vector_36) <= (_vector_spacing << 0x5))), function at exception vector 36 too large)

.vector_37      0x9d0006a0        0x8
 *(.vector_new_37)
 *(.vector_37)
 .vector_37     0x9d0006a0        0x8 build/default/production/kreal.o
                0x9d0006a0                __vector_dispatch_37
                0x00000001                ASSERT (((_vector_spacing == 0x0) || (SIZEOF (.vector_37) <= (_vector_spacing << 0x5))), function at exception vector 37 too large)

.vector_38      0x9d0006c0        0x8
 *(.vector_new_38)
 *(.vector_38)
 .vector_38     0x9d0006c0        0x8 /home/tized/.arduino15/packages/chipKIT/tools/pic32-tools/1.43-pic32gcc/bin/bin/../../lib/gcc/pic32mx/4.8.3/../../../../pic32mx/lib/libpic32.a(vector38.o)
                0x9d0006c0                __vector_dispatch_38
                0x00000001                ASSERT (((_vector_spacing == 0x0) || (SIZEOF (.vector_38) <= (_vector_spacing << 0x5))), function at exception vector 38 too large)

.vector_39      0x9d0006e0        0x8
 *(.vector_new_39)
 *(.vector_39)
 .vector_39     0x9d0006e0        0x8 /home/tized/.arduino15/packages/chipKIT/tools/pic32-tools/1.43-pic32gcc/bin/bin/../../lib/gcc/pic32mx/4.8.3/../../../../pic32mx/lib/libpic32.a(vector39.o)
                0x9d0006e0                __vector_dispatch_39
                0x00000001                ASSERT (((_vector_spacing == 0x0) || (SIZEOF (.vector_39) <= (_vector_spacing << 0x5))), function at exception vector 39 too large)

.vector_40      0x9d000700        0x8
 *(.vector_new_40)
 *(.vector_40)
 .vector_40     0x9d000700        0x8 /home/tized/.arduino15/packages/chipKIT/tools/pic32-tools/1.43-pic32gcc/bin/bin/../../lib/gcc/pic32mx/4.8.3/../../../../pic32mx/lib/libpic32.a(vector40.o)
                0x9d000700                __vector_dispatch_40
                0x00000001                ASSERT (((_vector_spacing == 0x0) || (SIZEOF (.vector_40) <= (_vector_spacing << 0x5))), function at exception vector 40 too large)

.vector_41      0x9d000720        0x8
 *(.vector_new_41)
 *(.vector_41)
 .vector_41     0x9d000720        0x8 /home/tized/.arduino15/packages/chipKIT/tools/pic32-tools/1.43-pic32gcc/bin/bin/../../lib/gcc/pic32mx/4.8.3/../../../../pic32mx/lib/libpic32.a(vector41.o)
                0x9d000720                __vector_dispatch_41
                0x00000001                ASSERT (((_vector_spacing == 0x0) || (SIZEOF (.vector_41) <= (_vector_spacing << 0x5))), function at exception vector 41 too large)

.vector_42      0x9d000740        0x8
 *(.vector_new_42)
 *(.vector_42)
 .vector_42     0x9d000740        0x8 /home/tized/.arduino15/packages/chipKIT/tools/pic32-tools/1.43-pic32gcc/bin/bin/../../lib/gcc/pic32mx/4.8.3/../../../../pic32mx/lib/libpic32.a(vector42.o)
                0x9d000740                __vector_dispatch_42
                0x00000001                ASSERT (((_vector_spacing == 0x0) || (SIZEOF (.vector_42) <= (_vector_spacing << 0x5))), function at exception vector 42 too large)

.vector_43      0x9d000760        0x8
 *(.vector_new_43)
 *(.vector_43)
 .vector_43     0x9d000760        0x8 /home/tized/.arduino15/packages/chipKIT/tools/pic32-tools/1.43-pic32gcc/bin/bin/../../lib/gcc/pic32mx/4.8.3/../../../../pic32mx/lib/libpic32.a(vector43.o)
                0x9d000760                __vector_dispatch_43
                0x00000001                ASSERT (((_vector_spacing == 0x0) || (SIZEOF (.vector_43) <= (_vector_spacing << 0x5))), function at exception vector 43 too large)

.vector_44      0x9d000780        0x8
 *(.vector_new_44)
 *(.vector_44)
 .vector_44     0x9d000780        0x8 /home/tized/.arduino15/packages/chipKIT/tools/pic32-tools/1.43-pic32gcc/bin/bin/../../lib/gcc/pic32mx/4.8.3/../../../../pic32mx/lib/libpic32.a(vector44.o)
                0x9d000780                __vector_dispatch_44
                0x00000001                ASSERT (((_vector_spacing == 0x0) || (SIZEOF (.vector_44) <= (_vector_spacing << 0x5))), function at exception vector 44 too large)

.vector_45      0x9d0007a0        0x8
 *(.vector_new_45)
 *(.vector_45)
 .vector_45     0x9d0007a0        0x8 /home/tized/.arduino15/packages/chipKIT/tools/pic32-tools/1.43-pic32gcc/bin/bin/../../lib/gcc/pic32mx/4.8.3/../../../../pic32mx/lib/libpic32.a(vector45.o)
                0x9d0007a0                __vector_dispatch_45
                0x00000001                ASSERT (((_vector_spacing == 0x0) || (SIZEOF (.vector_45) <= (_vector_spacing << 0x5))), function at exception vector 45 too large)

.vector_46      0x9d0007c0        0x8
 *(.vector_new_46)
 *(.vector_46)
 .vector_46     0x9d0007c0        0x8 /home/tized/.arduino15/packages/chipKIT/tools/pic32-tools/1.43-pic32gcc/bin/bin/../../lib/gcc/pic32mx/4.8.3/../../../../pic32mx/lib/libpic32.a(vector46.o)
                0x9d0007c0                __vector_dispatch_46
                0x00000001                ASSERT (((_vector_spacing == 0x0) || (SIZEOF (.vector_46) <= (_vector_spacing << 0x5))), function at exception vector 46 too large)

.vector_47      0x9d0007e0        0x8
 *(.vector_new_47)
 *(.vector_47)
 .vector_47     0x9d0007e0        0x8 /home/tized/.arduino15/packages/chipKIT/tools/pic32-tools/1.43-pic32gcc/bin/bin/../../lib/gcc/pic32mx/4.8.3/../../../../pic32mx/lib/libpic32.a(vector47.o)
                0x9d0007e0                __vector_dispatch_47
                0x00000001                ASSERT (((_vector_spacing == 0x0) || (SIZEOF (.vector_47) <= (_vector_spacing << 0x5))), function at exception vector 47 too large)

.vector_48      0x9d000800        0x8
 *(.vector_new_48)
 *(.vector_48)
 .vector_48     0x9d000800        0x8 /home/tized/.arduino15/packages/chipKIT/tools/pic32-tools/1.43-pic32gcc/bin/bin/../../lib/gcc/pic32mx/4.8.3/../../../../pic32mx/lib/libpic32.a(vector48.o)
                0x9d000800                __vector_dispatch_48
                0x00000001                ASSERT (((_vector_spacing == 0x0) || (SIZEOF (.vector_48) <= (_vector_spacing << 0x5))), function at exception vector 48 too large)

.vector_49      0x9d000820        0x8
 *(.vector_new_49)
 *(.vector_49)
 .vector_49     0x9d000820        0x8 /home/tized/.arduino15/packages/chipKIT/tools/pic32-tools/1.43-pic32gcc/bin/bin/../../lib/gcc/pic32mx/4.8.3/../../../../pic32mx/lib/libpic32.a(vector49.o)
                0x9d000820                __vector_dispatch_49
                0x00000001                ASSERT (((_vector_spacing == 0x0) || (SIZEOF (.vector_49) <= (_vector_spacing << 0x5))), function at exception vector 49 too large)

.vector_50      0x9d000840        0x8
 *(.vector_new_50)
 *(.vector_50)
 .vector_50     0x9d000840        0x8 /home/tized/.arduino15/packages/chipKIT/tools/pic32-tools/1.43-pic32gcc/bin/bin/../../lib/gcc/pic32mx/4.8.3/../../../../pic32mx/lib/libpic32.a(vector50.o)
                0x9d000840                __vector_dispatch_50
                0x00000001                ASSERT (((_vector_spacing == 0x0) || (SIZEOF (.vector_50) <= (_vector_spacing << 0x5))), function at exception vector 50 too large)

.vector_51      0x9d000860        0x8
 *(.vector_new_51)
 *(.vector_51)
 .vector_51     0x9d000860        0x8 /home/tized/.arduino15/packages/chipKIT/tools/pic32-tools/1.43-pic32gcc/bin/bin/../../lib/gcc/pic32mx/4.8.3/../../../../pic32mx/lib/libpic32.a(vector51.o)
                0x9d000860                __vector_dispatch_51
                0x00000001                ASSERT (((_vector_spacing == 0x0) || (SIZEOF (.vector_51) <= (_vector_spacing << 0x5))), function at exception vector 51 too large)

.vector_52      0x9d000880        0x0
 *(.vector_new_52)
 *(.vector_52)
                0x00000001                ASSERT (((_vector_spacing == 0x0) || (SIZEOF (.vector_52) <= (_vector_spacing << 0x5))), function at exception vector 52 too large)

.vector_53      0x9d0008a0        0x0
 *(.vector_new_53)
 *(.vector_53)
                0x00000001                ASSERT (((_vector_spacing == 0x0) || (SIZEOF (.vector_53) <= (_vector_spacing << 0x5))), function at exception vector 53 too large)

.vector_54      0x9d0008c0        0x0
 *(.vector_new_54)
 *(.vector_54)
                0x00000001                ASSERT (((_vector_spacing == 0x0) || (SIZEOF (.vector_54) <= (_vector_spacing << 0x5))), function at exception vector 54 too large)

.vector_55      0x9d0008e0        0x0
 *(.vector_new_55)
 *(.vector_55)
                0x00000001                ASSERT (((_vector_spacing == 0x0) || (SIZEOF (.vector_55) <= (_vector_spacing << 0x5))), function at exception vector 55 too large)

.vector_56      0x9d000900        0x0
 *(.vector_new_56)
 *(.vector_56)
                0x00000001                ASSERT (((_vector_spacing == 0x0) || (SIZEOF (.vector_56) <= (_vector_spacing << 0x5))), function at exception vector 56 too large)

.vector_57      0x9d000920        0x0
 *(.vector_new_57)
 *(.vector_57)
                0x00000001                ASSERT (((_vector_spacing == 0x0) || (SIZEOF (.vector_57) <= (_vector_spacing << 0x5))), function at exception vector 57 too large)

.vector_58      0x9d000940        0x0
 *(.vector_new_58)
 *(.vector_58)
                0x00000001                ASSERT (((_vector_spacing == 0x0) || (SIZEOF (.vector_58) <= (_vector_spacing << 0x5))), function at exception vector 58 too large)

.vector_59      0x9d000960        0x0
 *(.vector_new_59)
 *(.vector_59)
                0x00000001                ASSERT (((_vector_spacing == 0x0) || (SIZEOF (.vector_59) <= (_vector_spacing << 0x5))), function at exception vector 59 too large)

.vector_60      0x9d000980        0x0
 *(.vector_new_60)
 *(.vector_60)
                0x00000001                ASSERT (((_vector_spacing == 0x0) || (SIZEOF (.vector_60) <= (_vector_spacing << 0x5))), function at exception vector 60 too large)

.vector_61      0x9d0009a0        0x0
 *(.vector_new_61)
 *(.vector_61)
                0x00000001                ASSERT (((_vector_spacing == 0x0) || (SIZEOF (.vector_61) <= (_vector_spacing << 0x5))), function at exception vector 61 too large)

.vector_62      0x9d0009c0        0x0
 *(.vector_new_62)
 *(.vector_62)
                0x00000001                ASSERT (((_vector_spacing == 0x0) || (SIZEOF (.vector_62) <= (_vector_spacing << 0x5))), function at exception vector 62 too large)

.vector_63      0x9d0009e0        0x0
 *(.vector_new_63)
 *(.vector_63)
                0x00000001                ASSERT (((_vector_spacing == 0x0) || (SIZEOF (.vector_63) <= (_vector_spacing << 0x5))), function at exception vector 63 too large)

.startup
 *(.startup)

.text           0x9d001008        0x0
                0x9d001008                _text_begin = .
 *(.stub .gnu.linkonce.t.*)
 *(.text.*personality*)
 *(.mips16.fn.*)
 *(.mips16.call.*)
 *(.gnu.warning)
                0x9d001008                . = ALIGN (0x4)

.init           0x9d001008       0x1c
 *crti.o(.init)
 *crtbegin.o(.init)
 .init          0x9d001008        0x8 /home/tized/.arduino15/packages/chipKIT/tools/pic32-tools/1.43-pic32gcc/bin/bin/../../lib/gcc/pic32mx/4.8.3/crtbegin.o
 *(EXCLUDE_FILE(*crtn.o *crtend?.o *crtend.o) .init)
 *crtend.o(.init)
 .init          0x9d001010        0x8 /home/tized/.arduino15/packages/chipKIT/tools/pic32-tools/1.43-pic32gcc/bin/bin/../../lib/gcc/pic32mx/4.8.3/crtend.o
 *crtn.o(.init)
 .init          0x9d001018        0xc /home/tized/.arduino15/packages/chipKIT/tools/pic32-tools/1.43-pic32gcc/bin/bin/../../lib/gcc/pic32mx/4.8.3/crtn.o
                0x9d001024                . = ALIGN (0x4)

.fini           0x9d001024       0x14
 *(.fini)
 .fini          0x9d001024        0x8 /home/tized/.arduino15/packages/chipKIT/tools/pic32-tools/1.43-pic32gcc/bin/bin/../../lib/gcc/pic32mx/4.8.3/crtbegin.o
 .fini          0x9d00102c        0xc /home/tized/.arduino15/packages/chipKIT/tools/pic32-tools/1.43-pic32gcc/bin/bin/../../lib/gcc/pic32mx/4.8.3/crtn.o
                0x9d001038                . = ALIGN (0x4)

.preinit_array  0x9d001038        0x0
                0x9d001038                PROVIDE (__preinit_array_start, .)
 *(.preinit_array)
                0x9d001038                . = ALIGN (0x4)
                0x9d001038                PROVIDE (__preinit_array_end, .)
 *(.preinit_array)
                0x9d001038                . = ALIGN (0x4)

.init_array     0x9d001038        0x0
                0x9d001038                PROVIDE (__init_array_start, .)
 *(SORT(.init_array.*))
 *(.init_array)
                0x9d001038                . = ALIGN (0x4)
                0x9d001038                PROVIDE (__init_array_end, .)

.fini_array     0x9d001038        0x0
                0x9d001038                PROVIDE (__fini_array_start, .)
 *(SORT(.fini_array.*))
 *(.fini_array)
                0x9d001038                . = ALIGN (0x4)
                0x9d001038                PROVIDE (__fini_array_end, .)

.ctors          0x9d001038        0x8
 *crtbegin.o(.ctors)
 .ctors         0x9d001038        0x4 /home/tized/.arduino15/packages/chipKIT/tools/pic32-tools/1.43-pic32gcc/bin/bin/../../lib/gcc/pic32mx/4.8.3/crtbegin.o
 *crtbegin?.o(.ctors)
 *(EXCLUDE_FILE(*crtend?.o *crtend.o) .ctors)
 *(SORT(.ctors.*))
 *(.ctors)
 .ctors         0x9d00103c        0x4 /home/tized/.arduino15/packages/chipKIT/tools/pic32-tools/1.43-pic32gcc/bin/bin/../../lib/gcc/pic32mx/4.8.3/crtend.o
                0x9d001040                . = ALIGN (0x4)

.dtors          0x9d001040        0x8
 *crtbegin.o(.dtors)
 .dtors         0x9d001040        0x4 /home/tized/.arduino15/packages/chipKIT/tools/pic32-tools/1.43-pic32gcc/bin/bin/../../lib/gcc/pic32mx/4.8.3/crtbegin.o
 *crtbegin?.o(.dtors)
 *(EXCLUDE_FILE(*crtend?.o *crtend.o) .dtors)
 *(SORT(.dtors.*))
 *(.dtors)
 .dtors         0x9d001044        0x4 /home/tized/.arduino15/packages/chipKIT/tools/pic32-tools/1.43-pic32gcc/bin/bin/../../lib/gcc/pic32mx/4.8.3/crtend.o
                0x9d001044                __DTOR_END__
                0x9d001048                . = ALIGN (0x4)

.header_info    0x9d001048       0x48
                0x9d001048                _image_header_info = .
                0x9d001048        0x4 LONG 0x48 SIZEOF (.header_info)
                0x9d00104c        0x4 LONG 0xffffffff
 *(.mpide_version *.mpide_version.*)
                0x9d001050        0x4 LONG 0xffffffff
                0x9d001054        0x4 LONG 0xffffffff
                0x9d001058        0x4 LONG 0x1020001 _IMAGE_TYPE
                0x9d00105c        0x4 LONG 0x9d001000 _JUMP_ADDR
                0x9d001060        0x4 LONG 0x9d000000 _ebase_address
                0x9d001064        0x4 LONG 0x3f000 _IMAGE_FLASH_SIZE
                0x9d001068        0x4 LONG 0x9d03f000 ORIGIN (kseg0_eeprom_mem)
                0x9d00106c        0x4 LONG 0x1000
                0x9d001070        0x4 LONG 0xbfc02ff0 ORIGIN (configsfrs)
                0x9d001074        0x4 LONG 0x10
                0x9d001078        0x4 LONG 0xa0000000 _ram_header_addr
                0x9d00107c        0x4 LONG 0x8 SIZEOF (.ram_exchange_data)
                0x9d001080        0x4 LONG 0xffffffff
                0x9d001084        0x4 LONG 0x9d000200 _original_vector_0
                0x9d001088        0x4 LONG 0x9d000200 _new_vector_0
                0x9d00108c        0x4 LONG 0x20 (_vector_spacing << 0x5)
                0x9d001090                _image_header_info_end = .

.rodata         0x9d001090        0x0
 *(.gnu.linkonce.r.*)
 *(.rodata1)
                0x9d001090                . = ALIGN (0x4)

.sdata2         0x9d001090        0x0
 *(.sdata2 .sdata2.* .gnu.linkonce.s2.*)
                0x9d001090                . = ALIGN (0x4)

.sbss2          0x9d001090        0x0
 *(.sbss2 .sbss2.* .gnu.linkonce.sb2.*)
                0x9d001090                . = ALIGN (0x4)

.dbg_data       0xa0000000        0x0
                0xa0000000                . = (. + DEFINED (_DEBUGGER)?0x200:0x0)

.ram_exchange_data
                0xa0000000        0x8
                0xa0000000                _ram_header_addr = .
                0xa0000008                . = (. + 0x8)
 *fill*         0xa0000000        0x8 

.persist        0xa0000008        0x0
                0xa0000008                _persist_begin = .
 *(.persist .persist.*)
                0xa0000008                . = ALIGN (0x4)
                0xa0000008                _persist_end = .
                0x00000001                ASSERT ((_persist_end <= (ORIGIN (kseg1_data_mem) + 0x600)), Bootloader does not preserve debug, RAM Header, or persistent data beyond the first 1.5K)
                0xa0000008                _protected_end = ((_IMAGE_TYPE & ((_imageSplitFlashBootloader | _imageProgramFlashBootloader) | _imageBootFlashBootloader)) != 0x0)?(ORIGIN (kseg1_data_mem) + 0x600):.

.protected_bootloader
                0xa0000000        0x0
                0xa0000000                . = (. + ((_IMAGE_TYPE & ((_imageSplitFlashBootloader | _imageProgramFlashBootloader) | _imageBootFlashBootloader)) != 0x0)?(ORIGIN (kseg1_data_mem) + 0x600):0x0)

.data           0xa0000008        0x0
                0xa0000008                _data_begin = .
 *(.gnu.linkonce.d.*)
 *(.gnu.linkonce.d.*personality*)
 *(.data1)
                0xa0000008                . = ALIGN (0x4)
                0xa0000008                _data_image_begin = LOADADDR (.data)
                0xa0000008                . = .
                0xa0008000                _gp = (ALIGN (0x10) + 0x7ff0)

.got
 *(.got.plt)
 *(.got)

.sdata          0xa0000008        0x4
                0xa0000008                _sdata_begin = .
 *(.sdata .sdata.* .gnu.linkonce.s.*)
 .sdata         0xa0000008        0x4 /home/tized/.arduino15/packages/chipKIT/tools/pic32-tools/1.43-pic32gcc/bin/bin/../../lib/gcc/pic32mx/4.8.3/crtbegin.o
                0xa0000008                __dso_handle
                0xa000000c                . = ALIGN (0x4)
                0xa000000c                _sdata_end = .

.lit8           0xa000000c        0x0
 *(.lit8)
                0xa000000c                . = ALIGN (0x4)

.lit4
 *(.lit4)
                0xa000000c                . = ALIGN (0x4)
                0xa000000c                _data_end = .
                0xa000000c                _bss_begin = .

.sbss           0xa000000c       0x28
                0xa000000c                _sbss_begin = .
 *(.dynsbss)
 *(.sbss .sbss.* .gnu.linkonce.sb.*)
 .sbss          0xa000000c       0x28 build/default/production/kreal.o
                0xa0000020                flags
 *(.scommon)
                0xa0000034                . = ALIGN (0x4)
                0xa0000034                _sbss_end = .

.bss            0xa0000034      0x190
 *(.dynbss)
 *(.gnu.linkonce.b.*)
 *(COMMON)
 COMMON         0xa0000034      0x190 build/default/production/kreal.o
                0xa0000034                rxb_da
                0xa00000fc                txb_da
                0xa00001c4                . = ALIGN (0x4)
                0xa00001c4                . = ALIGN (0x4)
                0xa00001c4                _end = .
                0xa00001c4                _bss_end = .
                0x00008000                _bmxdudba_address = 0x8000
                0x00008000                _bmxdupba_address = 0x8000

.gcc_compiled_long32
 *(.gcc_compiled_long32)

.gcc_compiled_long64
 *(.gcc_compiled_long64)

.stab
 *(.stab)

.stabstr
 *(.stabstr)

.stab.excl
 *(.stab.excl)

.stab.exclstr
 *(.stab.exclstr)

.stab.index
 *(.stab.index)

.stab.indexstr
 *(.stab.indexstr)

.comment        0x00000000       0x3b
 *(.comment)
 .comment       0x00000000       0x3b build/default/production/axis.o
                                 0x3c (size before relaxing)
 .comment       0x00000000       0x3c build/default/production/kreal.o
 .comment       0x00000000       0x3c build/default/production/pwm.o
 .comment       0x00000000       0x3c build/default/production/_ext/1398951391/cd4048b.o
 .comment       0x00000000       0x3c /home/tized/.arduino15/packages/chipKIT/tools/pic32-tools/1.43-pic32gcc/bin/bin/../../lib/gcc/pic32mx/4.8.3/crtbegin.o
 .comment       0x00000000       0x3c /home/tized/.arduino15/packages/chipKIT/tools/pic32-tools/1.43-pic32gcc/bin/bin/../../lib/gcc/pic32mx/4.8.3/crtend.o
 .comment       0x00000000       0x3c /home/tized/.arduino15/packages/chipKIT/tools/pic32-tools/1.43-pic32gcc/bin/bin/../../lib/gcc/pic32mx/4.8.3/libgcc.a(floatunsisf.o)
 .comment       0x00000000       0x3c /home/tized/.arduino15/packages/chipKIT/tools/pic32-tools/1.43-pic32gcc/bin/bin/../../lib/gcc/pic32mx/4.8.3/libgcc.a(adddf3.o)
 .comment       0x00000000       0x3c /home/tized/.arduino15/packages/chipKIT/tools/pic32-tools/1.43-pic32gcc/bin/bin/../../lib/gcc/pic32mx/4.8.3/libgcc.a(divdf3.o)
 .comment       0x00000000       0x3c /home/tized/.arduino15/packages/chipKIT/tools/pic32-tools/1.43-pic32gcc/bin/bin/../../lib/gcc/pic32mx/4.8.3/libgcc.a(muldf3.o)
 .comment       0x00000000       0x3c /home/tized/.arduino15/packages/chipKIT/tools/pic32-tools/1.43-pic32gcc/bin/bin/../../lib/gcc/pic32mx/4.8.3/libgcc.a(subdf3.o)
 .comment       0x00000000       0x3c /home/tized/.arduino15/packages/chipKIT/tools/pic32-tools/1.43-pic32gcc/bin/bin/../../lib/gcc/pic32mx/4.8.3/libgcc.a(fixdfsi.o)
 .comment       0x00000000       0x3c /home/tized/.arduino15/packages/chipKIT/tools/pic32-tools/1.43-pic32gcc/bin/bin/../../lib/gcc/pic32mx/4.8.3/libgcc.a(extendsfdf2.o)
 .comment       0x00000000       0x3c /home/tized/.arduino15/packages/chipKIT/tools/pic32-tools/1.43-pic32gcc/bin/bin/../../lib/gcc/pic32mx/4.8.3/libgcc.a(addsf3.o)
 .comment       0x00000000       0x3c /home/tized/.arduino15/packages/chipKIT/tools/pic32-tools/1.43-pic32gcc/bin/bin/../../lib/gcc/pic32mx/4.8.3/libgcc.a(floatsisf.o)
 .comment       0x00000000       0x3c /home/tized/.arduino15/packages/chipKIT/tools/pic32-tools/1.43-pic32gcc/bin/bin/../../lib/gcc/pic32mx/4.8.3/../../../../pic32mx/lib/libpic32.a(default-bootstrap-exception-handler.o)
 .comment       0x00000000       0x3c /home/tized/.arduino15/packages/chipKIT/tools/pic32-tools/1.43-pic32gcc/bin/bin/../../lib/gcc/pic32mx/4.8.3/../../../../pic32mx/lib/libpic32.a(default-on-reset.o)
 .comment       0x00000000       0x3c /home/tized/.arduino15/packages/chipKIT/tools/pic32-tools/1.43-pic32gcc/bin/bin/../../lib/gcc/pic32mx/4.8.3/../../../../pic32mx/lib/libpic32.a(default-on-bootstrap.o)
 .comment       0x00000000       0x3c /home/tized/.arduino15/packages/chipKIT/tools/pic32-tools/1.43-pic32gcc/bin/bin/../../lib/gcc/pic32mx/4.8.3/../../../../pic32mx/lib/libpic32.a(default-general-exception-handler.o)
 .comment       0x00000000       0x3c /home/tized/.arduino15/packages/chipKIT/tools/pic32-tools/1.43-pic32gcc/bin/bin/../../lib/gcc/pic32mx/4.8.3/../../../../pic32mx/lib/libpic32.a(defaultinterrupt.o)

.debug
 *(.debug)

.line
 *(.line)

.debug_srcinfo
 *(.debug_srcinfo)

.debug_sfnames
 *(.debug_sfnames)

.debug_aranges  0x00000000      0x1a0
 *(.debug_aranges)
 .debug_aranges
                0x00000000       0x20 build/default/production/axis.o
 .debug_aranges
                0x00000020       0x20 build/default/production/kreal.o
 .debug_aranges
                0x00000040       0x20 build/default/production/pwm.o
 .debug_aranges
                0x00000060       0x20 build/default/production/_ext/1398951391/cd4048b.o
 .debug_aranges
                0x00000080       0x20 /home/tized/.arduino15/packages/chipKIT/tools/pic32-tools/1.43-pic32gcc/bin/bin/../../lib/gcc/pic32mx/4.8.3/libgcc.a(floatunsisf.o)
 .debug_aranges
                0x000000a0       0x20 /home/tized/.arduino15/packages/chipKIT/tools/pic32-tools/1.43-pic32gcc/bin/bin/../../lib/gcc/pic32mx/4.8.3/libgcc.a(adddf3.o)
 .debug_aranges
                0x000000c0       0x20 /home/tized/.arduino15/packages/chipKIT/tools/pic32-tools/1.43-pic32gcc/bin/bin/../../lib/gcc/pic32mx/4.8.3/libgcc.a(divdf3.o)
 .debug_aranges
                0x000000e0       0x20 /home/tized/.arduino15/packages/chipKIT/tools/pic32-tools/1.43-pic32gcc/bin/bin/../../lib/gcc/pic32mx/4.8.3/libgcc.a(muldf3.o)
 .debug_aranges
                0x00000100       0x20 /home/tized/.arduino15/packages/chipKIT/tools/pic32-tools/1.43-pic32gcc/bin/bin/../../lib/gcc/pic32mx/4.8.3/libgcc.a(subdf3.o)
 .debug_aranges
                0x00000120       0x20 /home/tized/.arduino15/packages/chipKIT/tools/pic32-tools/1.43-pic32gcc/bin/bin/../../lib/gcc/pic32mx/4.8.3/libgcc.a(fixdfsi.o)
 .debug_aranges
                0x00000140       0x20 /home/tized/.arduino15/packages/chipKIT/tools/pic32-tools/1.43-pic32gcc/bin/bin/../../lib/gcc/pic32mx/4.8.3/libgcc.a(extendsfdf2.o)
 .debug_aranges
                0x00000160       0x20 /home/tized/.arduino15/packages/chipKIT/tools/pic32-tools/1.43-pic32gcc/bin/bin/../../lib/gcc/pic32mx/4.8.3/libgcc.a(addsf3.o)
 .debug_aranges
                0x00000180       0x20 /home/tized/.arduino15/packages/chipKIT/tools/pic32-tools/1.43-pic32gcc/bin/bin/../../lib/gcc/pic32mx/4.8.3/libgcc.a(floatsisf.o)

.debug_pubnames
 *(.debug_pubnames)

.debug_info     0x00000000     0x61b2
 *(.debug_info .gnu.linkonce.wi.*)
 .debug_info    0x00000000      0x56d build/default/production/axis.o
 .debug_info    0x0000056d     0x2d5b build/default/production/kreal.o
 .debug_info    0x000032c8      0x36b build/default/production/pwm.o
 .debug_info    0x00003633      0x35f build/default/production/_ext/1398951391/cd4048b.o
 .debug_info    0x00003992      0x165 /home/tized/.arduino15/packages/chipKIT/tools/pic32-tools/1.43-pic32gcc/bin/bin/../../lib/gcc/pic32mx/4.8.3/libgcc.a(floatunsisf.o)
 .debug_info    0x00003af7      0x61e /home/tized/.arduino15/packages/chipKIT/tools/pic32-tools/1.43-pic32gcc/bin/bin/../../lib/gcc/pic32mx/4.8.3/libgcc.a(adddf3.o)
 .debug_info    0x00004115      0x68f /home/tized/.arduino15/packages/chipKIT/tools/pic32-tools/1.43-pic32gcc/bin/bin/../../lib/gcc/pic32mx/4.8.3/libgcc.a(divdf3.o)
 .debug_info    0x000047a4      0x5f7 /home/tized/.arduino15/packages/chipKIT/tools/pic32-tools/1.43-pic32gcc/bin/bin/../../lib/gcc/pic32mx/4.8.3/libgcc.a(muldf3.o)
 .debug_info    0x00004d9b      0x622 /home/tized/.arduino15/packages/chipKIT/tools/pic32-tools/1.43-pic32gcc/bin/bin/../../lib/gcc/pic32mx/4.8.3/libgcc.a(subdf3.o)
 .debug_info    0x000053bd      0x2f6 /home/tized/.arduino15/packages/chipKIT/tools/pic32-tools/1.43-pic32gcc/bin/bin/../../lib/gcc/pic32mx/4.8.3/libgcc.a(fixdfsi.o)
 .debug_info    0x000056b3      0x3a5 /home/tized/.arduino15/packages/chipKIT/tools/pic32-tools/1.43-pic32gcc/bin/bin/../../lib/gcc/pic32mx/4.8.3/libgcc.a(extendsfdf2.o)
 .debug_info    0x00005a58      0x431 /home/tized/.arduino15/packages/chipKIT/tools/pic32-tools/1.43-pic32gcc/bin/bin/../../lib/gcc/pic32mx/4.8.3/libgcc.a(addsf3.o)
 .debug_info    0x00005e89      0x329 /home/tized/.arduino15/packages/chipKIT/tools/pic32-tools/1.43-pic32gcc/bin/bin/../../lib/gcc/pic32mx/4.8.3/libgcc.a(floatsisf.o)

.debug_abbrev   0x00000000      0xec7
 *(.debug_abbrev)
 .debug_abbrev  0x00000000      0x112 build/default/production/axis.o
 .debug_abbrev  0x00000112      0x487 build/default/production/kreal.o
 .debug_abbrev  0x00000599      0x114 build/default/production/pwm.o
 .debug_abbrev  0x000006ad       0xa6 build/default/production/_ext/1398951391/cd4048b.o
 .debug_abbrev  0x00000753       0x64 /home/tized/.arduino15/packages/chipKIT/tools/pic32-tools/1.43-pic32gcc/bin/bin/../../lib/gcc/pic32mx/4.8.3/libgcc.a(floatunsisf.o)
 .debug_abbrev  0x000007b7       0xe2 /home/tized/.arduino15/packages/chipKIT/tools/pic32-tools/1.43-pic32gcc/bin/bin/../../lib/gcc/pic32mx/4.8.3/libgcc.a(adddf3.o)
 .debug_abbrev  0x00000899       0xce /home/tized/.arduino15/packages/chipKIT/tools/pic32-tools/1.43-pic32gcc/bin/bin/../../lib/gcc/pic32mx/4.8.3/libgcc.a(divdf3.o)
 .debug_abbrev  0x00000967       0xe7 /home/tized/.arduino15/packages/chipKIT/tools/pic32-tools/1.43-pic32gcc/bin/bin/../../lib/gcc/pic32mx/4.8.3/libgcc.a(muldf3.o)
 .debug_abbrev  0x00000a4e       0xe2 /home/tized/.arduino15/packages/chipKIT/tools/pic32-tools/1.43-pic32gcc/bin/bin/../../lib/gcc/pic32mx/4.8.3/libgcc.a(subdf3.o)
 .debug_abbrev  0x00000b30       0xd4 /home/tized/.arduino15/packages/chipKIT/tools/pic32-tools/1.43-pic32gcc/bin/bin/../../lib/gcc/pic32mx/4.8.3/libgcc.a(fixdfsi.o)
 .debug_abbrev  0x00000c04       0xdd /home/tized/.arduino15/packages/chipKIT/tools/pic32-tools/1.43-pic32gcc/bin/bin/../../lib/gcc/pic32mx/4.8.3/libgcc.a(extendsfdf2.o)
 .debug_abbrev  0x00000ce1       0xf5 /home/tized/.arduino15/packages/chipKIT/tools/pic32-tools/1.43-pic32gcc/bin/bin/../../lib/gcc/pic32mx/4.8.3/libgcc.a(addsf3.o)
 .debug_abbrev  0x00000dd6       0xf1 /home/tized/.arduino15/packages/chipKIT/tools/pic32-tools/1.43-pic32gcc/bin/bin/../../lib/gcc/pic32mx/4.8.3/libgcc.a(floatsisf.o)

.debug_line     0x00000000     0x1309
 *(.debug_line)
 .debug_line    0x00000000      0x13f build/default/production/axis.o
 .debug_line    0x0000013f      0x8ef build/default/production/kreal.o
 .debug_line    0x00000a2e      0x13a build/default/production/pwm.o
 .debug_line    0x00000b68       0xf0 build/default/production/_ext/1398951391/cd4048b.o
 .debug_line    0x00000c58       0x97 /home/tized/.arduino15/packages/chipKIT/tools/pic32-tools/1.43-pic32gcc/bin/bin/../../lib/gcc/pic32mx/4.8.3/libgcc.a(floatunsisf.o)
 .debug_line    0x00000cef       0xd6 /home/tized/.arduino15/packages/chipKIT/tools/pic32-tools/1.43-pic32gcc/bin/bin/../../lib/gcc/pic32mx/4.8.3/libgcc.a(adddf3.o)
 .debug_line    0x00000dc5       0xce /home/tized/.arduino15/packages/chipKIT/tools/pic32-tools/1.43-pic32gcc/bin/bin/../../lib/gcc/pic32mx/4.8.3/libgcc.a(divdf3.o)
 .debug_line    0x00000e93       0xc7 /home/tized/.arduino15/packages/chipKIT/tools/pic32-tools/1.43-pic32gcc/bin/bin/../../lib/gcc/pic32mx/4.8.3/libgcc.a(muldf3.o)
 .debug_line    0x00000f5a       0xd2 /home/tized/.arduino15/packages/chipKIT/tools/pic32-tools/1.43-pic32gcc/bin/bin/../../lib/gcc/pic32mx/4.8.3/libgcc.a(subdf3.o)
 .debug_line    0x0000102c       0xb5 /home/tized/.arduino15/packages/chipKIT/tools/pic32-tools/1.43-pic32gcc/bin/bin/../../lib/gcc/pic32mx/4.8.3/libgcc.a(fixdfsi.o)
 .debug_line    0x000010e1       0xba /home/tized/.arduino15/packages/chipKIT/tools/pic32-tools/1.43-pic32gcc/bin/bin/../../lib/gcc/pic32mx/4.8.3/libgcc.a(extendsfdf2.o)
 .debug_line    0x0000119b       0xb6 /home/tized/.arduino15/packages/chipKIT/tools/pic32-tools/1.43-pic32gcc/bin/bin/../../lib/gcc/pic32mx/4.8.3/libgcc.a(addsf3.o)
 .debug_line    0x00001251       0xb8 /home/tized/.arduino15/packages/chipKIT/tools/pic32-tools/1.43-pic32gcc/bin/bin/../../lib/gcc/pic32mx/4.8.3/libgcc.a(floatsisf.o)

.debug_frame    0x00000000      0x54c
 *(.debug_frame)
 .debug_frame   0x00000000       0x60 build/default/production/axis.o
 .debug_frame   0x00000060      0x334 build/default/production/kreal.o
 .debug_frame   0x00000394       0x50 build/default/production/pwm.o
 .debug_frame   0x000003e4       0x40 build/default/production/_ext/1398951391/cd4048b.o
 .debug_frame   0x00000424       0x28 /home/tized/.arduino15/packages/chipKIT/tools/pic32-tools/1.43-pic32gcc/bin/bin/../../lib/gcc/pic32mx/4.8.3/libgcc.a(floatunsisf.o)
 .debug_frame   0x0000044c       0x20 /home/tized/.arduino15/packages/chipKIT/tools/pic32-tools/1.43-pic32gcc/bin/bin/../../lib/gcc/pic32mx/4.8.3/libgcc.a(adddf3.o)
 .debug_frame   0x0000046c       0x20 /home/tized/.arduino15/packages/chipKIT/tools/pic32-tools/1.43-pic32gcc/bin/bin/../../lib/gcc/pic32mx/4.8.3/libgcc.a(divdf3.o)
 .debug_frame   0x0000048c       0x20 /home/tized/.arduino15/packages/chipKIT/tools/pic32-tools/1.43-pic32gcc/bin/bin/../../lib/gcc/pic32mx/4.8.3/libgcc.a(muldf3.o)
 .debug_frame   0x000004ac       0x20 /home/tized/.arduino15/packages/chipKIT/tools/pic32-tools/1.43-pic32gcc/bin/bin/../../lib/gcc/pic32mx/4.8.3/libgcc.a(subdf3.o)
 .debug_frame   0x000004cc       0x20 /home/tized/.arduino15/packages/chipKIT/tools/pic32-tools/1.43-pic32gcc/bin/bin/../../lib/gcc/pic32mx/4.8.3/libgcc.a(fixdfsi.o)
 .debug_frame   0x000004ec       0x20 /home/tized/.arduino15/packages/chipKIT/tools/pic32-tools/1.43-pic32gcc/bin/bin/../../lib/gcc/pic32mx/4.8.3/libgcc.a(extendsfdf2.o)
 .debug_frame   0x0000050c       0x20 /home/tized/.arduino15/packages/chipKIT/tools/pic32-tools/1.43-pic32gcc/bin/bin/../../lib/gcc/pic32mx/4.8.3/libgcc.a(addsf3.o)
 .debug_frame   0x0000052c       0x20 /home/tized/.arduino15/packages/chipKIT/tools/pic32-tools/1.43-pic32gcc/bin/bin/../../lib/gcc/pic32mx/4.8.3/libgcc.a(floatsisf.o)

.debug_str      0x00000000       0x2c
 *(.debug_str)
 .debug_str     0x00000000        0xa build/default/production/axis.o
 .debug_str     0x0000000a       0x22 build/default/production/kreal.o
 .debug_str     0x0000002c        0x0 build/default/production/pwm.o
 .debug_str     0x0000002c        0x0 build/default/production/_ext/1398951391/cd4048b.o
 .debug_str     0x0000002c        0x0 /home/tized/.arduino15/packages/chipKIT/tools/pic32-tools/1.43-pic32gcc/bin/bin/../../lib/gcc/pic32mx/4.8.3/libgcc.a(floatunsisf.o)
 .debug_str     0x0000002c        0x0 /home/tized/.arduino15/packages/chipKIT/tools/pic32-tools/1.43-pic32gcc/bin/bin/../../lib/gcc/pic32mx/4.8.3/libgcc.a(adddf3.o)
 .debug_str     0x0000002c        0x0 /home/tized/.arduino15/packages/chipKIT/tools/pic32-tools/1.43-pic32gcc/bin/bin/../../lib/gcc/pic32mx/4.8.3/libgcc.a(divdf3.o)
 .debug_str     0x0000002c        0x0 /home/tized/.arduino15/packages/chipKIT/tools/pic32-tools/1.43-pic32gcc/bin/bin/../../lib/gcc/pic32mx/4.8.3/libgcc.a(muldf3.o)
 .debug_str     0x0000002c        0x0 /home/tized/.arduino15/packages/chipKIT/tools/pic32-tools/1.43-pic32gcc/bin/bin/../../lib/gcc/pic32mx/4.8.3/libgcc.a(subdf3.o)
 .debug_str     0x0000002c        0x0 /home/tized/.arduino15/packages/chipKIT/tools/pic32-tools/1.43-pic32gcc/bin/bin/../../lib/gcc/pic32mx/4.8.3/libgcc.a(fixdfsi.o)
 .debug_str     0x0000002c        0x0 /home/tized/.arduino15/packages/chipKIT/tools/pic32-tools/1.43-pic32gcc/bin/bin/../../lib/gcc/pic32mx/4.8.3/libgcc.a(extendsfdf2.o)
 .debug_str     0x0000002c        0x0 /home/tized/.arduino15/packages/chipKIT/tools/pic32-tools/1.43-pic32gcc/bin/bin/../../lib/gcc/pic32mx/4.8.3/libgcc.a(addsf3.o)
 .debug_str     0x0000002c        0x0 /home/tized/.arduino15/packages/chipKIT/tools/pic32-tools/1.43-pic32gcc/bin/bin/../../lib/gcc/pic32mx/4.8.3/libgcc.a(floatsisf.o)

.debug_loc      0x00000000     0x4fba
 *(.debug_loc)
 .debug_loc     0x00000000       0xad build/default/production/axis.o
 .debug_loc     0x000000ad      0xb57 build/default/production/kreal.o
 .debug_loc     0x00000c04       0xd6 build/default/production/pwm.o
 .debug_loc     0x00000cda       0x3a build/default/production/_ext/1398951391/cd4048b.o
 .debug_loc     0x00000d14       0x8a /home/tized/.arduino15/packages/chipKIT/tools/pic32-tools/1.43-pic32gcc/bin/bin/../../lib/gcc/pic32mx/4.8.3/libgcc.a(floatunsisf.o)
 .debug_loc     0x00000d9e     0x1092 /home/tized/.arduino15/packages/chipKIT/tools/pic32-tools/1.43-pic32gcc/bin/bin/../../lib/gcc/pic32mx/4.8.3/libgcc.a(adddf3.o)
 .debug_loc     0x00001e30      0xc81 /home/tized/.arduino15/packages/chipKIT/tools/pic32-tools/1.43-pic32gcc/bin/bin/../../lib/gcc/pic32mx/4.8.3/libgcc.a(divdf3.o)
 .debug_loc     0x00002ab1      0x8ad /home/tized/.arduino15/packages/chipKIT/tools/pic32-tools/1.43-pic32gcc/bin/bin/../../lib/gcc/pic32mx/4.8.3/libgcc.a(muldf3.o)
 .debug_loc     0x0000335e     0x10a8 /home/tized/.arduino15/packages/chipKIT/tools/pic32-tools/1.43-pic32gcc/bin/bin/../../lib/gcc/pic32mx/4.8.3/libgcc.a(subdf3.o)
 .debug_loc     0x00004406       0xb8 /home/tized/.arduino15/packages/chipKIT/tools/pic32-tools/1.43-pic32gcc/bin/bin/../../lib/gcc/pic32mx/4.8.3/libgcc.a(fixdfsi.o)
 .debug_loc     0x000044be      0x1b5 /home/tized/.arduino15/packages/chipKIT/tools/pic32-tools/1.43-pic32gcc/bin/bin/../../lib/gcc/pic32mx/4.8.3/libgcc.a(extendsfdf2.o)
 .debug_loc     0x00004673      0x775 /home/tized/.arduino15/packages/chipKIT/tools/pic32-tools/1.43-pic32gcc/bin/bin/../../lib/gcc/pic32mx/4.8.3/libgcc.a(addsf3.o)
 .debug_loc     0x00004de8      0x1d2 /home/tized/.arduino15/packages/chipKIT/tools/pic32-tools/1.43-pic32gcc/bin/bin/../../lib/gcc/pic32mx/4.8.3/libgcc.a(floatsisf.o)

.debug_macinfo
 *(.debug_macinfo)

.debug_weaknames
 *(.debug_weaknames)

.debug_funcnames
 *(.debug_funcnames)

.debug_typenames
 *(.debug_typenames)

.debug_varnames
 *(.debug_varnames)

.debug_pubtypes
 *(.debug_pubtypes)

.debug_ranges   0x00000000      0xa18
 *(.debug_ranges)
 .debug_ranges  0x00000000      0x588 build/default/production/kreal.o
 .debug_ranges  0x00000588      0x150 /home/tized/.arduino15/packages/chipKIT/tools/pic32-tools/1.43-pic32gcc/bin/bin/../../lib/gcc/pic32mx/4.8.3/libgcc.a(adddf3.o)
 .debug_ranges  0x000006d8       0x60 /home/tized/.arduino15/packages/chipKIT/tools/pic32-tools/1.43-pic32gcc/bin/bin/../../lib/gcc/pic32mx/4.8.3/libgcc.a(divdf3.o)
 .debug_ranges  0x00000738       0xc0 /home/tized/.arduino15/packages/chipKIT/tools/pic32-tools/1.43-pic32gcc/bin/bin/../../lib/gcc/pic32mx/4.8.3/libgcc.a(muldf3.o)
 .debug_ranges  0x000007f8      0x130 /home/tized/.arduino15/packages/chipKIT/tools/pic32-tools/1.43-pic32gcc/bin/bin/../../lib/gcc/pic32mx/4.8.3/libgcc.a(subdf3.o)
 .debug_ranges  0x00000928       0x18 /home/tized/.arduino15/packages/chipKIT/tools/pic32-tools/1.43-pic32gcc/bin/bin/../../lib/gcc/pic32mx/4.8.3/libgcc.a(extendsfdf2.o)
 .debug_ranges  0x00000940       0xa0 /home/tized/.arduino15/packages/chipKIT/tools/pic32-tools/1.43-pic32gcc/bin/bin/../../lib/gcc/pic32mx/4.8.3/libgcc.a(addsf3.o)
 .debug_ranges  0x000009e0       0x38 /home/tized/.arduino15/packages/chipKIT/tools/pic32-tools/1.43-pic32gcc/bin/bin/../../lib/gcc/pic32mx/4.8.3/libgcc.a(floatsisf.o)

.gnu.attributes
                0x00000000       0x10
 *(.gnu.attributes)
 .gnu.attributes
                0x00000000       0x10 build/default/production/axis.o
 .gnu.attributes
                0x00000010       0x10 build/default/production/kreal.o
 .gnu.attributes
                0x00000020       0x10 build/default/production/pwm.o
 .gnu.attributes
                0x00000030       0x10 build/default/production/_ext/1398951391/cd4048b.o
 .gnu.attributes
                0x00000040       0x10 /home/tized/.arduino15/packages/chipKIT/tools/pic32-tools/1.43-pic32gcc/bin/bin/../../lib/gcc/pic32mx/4.8.3/crtbegin.o
 .gnu.attributes
                0x00000050       0x10 /home/tized/.arduino15/packages/chipKIT/tools/pic32-tools/1.43-pic32gcc/bin/bin/../../lib/gcc/pic32mx/4.8.3/crtend.o
 .gnu.attributes
                0x00000060       0x10 /home/tized/.arduino15/packages/chipKIT/tools/pic32-tools/1.43-pic32gcc/bin/bin/../../lib/gcc/pic32mx/4.8.3/libgcc.a(floatunsisf.o)
 .gnu.attributes
                0x00000070       0x10 /home/tized/.arduino15/packages/chipKIT/tools/pic32-tools/1.43-pic32gcc/bin/bin/../../lib/gcc/pic32mx/4.8.3/libgcc.a(adddf3.o)
 .gnu.attributes
                0x00000080       0x10 /home/tized/.arduino15/packages/chipKIT/tools/pic32-tools/1.43-pic32gcc/bin/bin/../../lib/gcc/pic32mx/4.8.3/libgcc.a(divdf3.o)
 .gnu.attributes
                0x00000090       0x10 /home/tized/.arduino15/packages/chipKIT/tools/pic32-tools/1.43-pic32gcc/bin/bin/../../lib/gcc/pic32mx/4.8.3/libgcc.a(muldf3.o)
 .gnu.attributes
                0x000000a0       0x10 /home/tized/.arduino15/packages/chipKIT/tools/pic32-tools/1.43-pic32gcc/bin/bin/../../lib/gcc/pic32mx/4.8.3/libgcc.a(subdf3.o)
 .gnu.attributes
                0x000000b0       0x10 /home/tized/.arduino15/packages/chipKIT/tools/pic32-tools/1.43-pic32gcc/bin/bin/../../lib/gcc/pic32mx/4.8.3/libgcc.a(fixdfsi.o)
 .gnu.attributes
                0x000000c0       0x10 /home/tized/.arduino15/packages/chipKIT/tools/pic32-tools/1.43-pic32gcc/bin/bin/../../lib/gcc/pic32mx/4.8.3/libgcc.a(extendsfdf2.o)
 .gnu.attributes
                0x000000d0       0x10 /home/tized/.arduino15/packages/chipKIT/tools/pic32-tools/1.43-pic32gcc/bin/bin/../../lib/gcc/pic32mx/4.8.3/libgcc.a(addsf3.o)
 .gnu.attributes
                0x000000e0       0x10 /home/tized/.arduino15/packages/chipKIT/tools/pic32-tools/1.43-pic32gcc/bin/bin/../../lib/gcc/pic32mx/4.8.3/libgcc.a(floatsisf.o)
 .gnu.attributes
                0x000000f0       0x10 /home/tized/.arduino15/packages/chipKIT/tools/pic32-tools/1.43-pic32gcc/bin/bin/../../lib/gcc/pic32mx/4.8.3/../../../../pic32mx/lib/libpic32.a(default-bootstrap-exception-handler.o)
 .gnu.attributes
                0x00000100       0x10 /home/tized/.arduino15/packages/chipKIT/tools/pic32-tools/1.43-pic32gcc/bin/bin/../../lib/gcc/pic32mx/4.8.3/../../../../pic32mx/lib/libpic32.a(default-on-reset.o)
 .gnu.attributes
                0x00000110       0x10 /home/tized/.arduino15/packages/chipKIT/tools/pic32-tools/1.43-pic32gcc/bin/bin/../../lib/gcc/pic32mx/4.8.3/../../../../pic32mx/lib/libpic32.a(default-on-bootstrap.o)
 .gnu.attributes
                0x00000120       0x10 /home/tized/.arduino15/packages/chipKIT/tools/pic32-tools/1.43-pic32gcc/bin/bin/../../lib/gcc/pic32mx/4.8.3/../../../../pic32mx/lib/libpic32.a(default-general-exception-handler.o)
 .gnu.attributes
                0x00000130       0x10 /home/tized/.arduino15/packages/chipKIT/tools/pic32-tools/1.43-pic32gcc/bin/bin/../../lib/gcc/pic32mx/4.8.3/../../../../pic32mx/lib/libpic32.a(defaultinterrupt.o)
 *(.gnu.attributes)

.gptab.sdata
 *(.gptab.data)
 *(.gptab.sdata)

.gptab.sbss
 *(.gptab.bss)
 *(.gptab.sbss)

.mdebug.abi32   0xa00001c4        0x0
 *(.mdebug.abi32)
 .mdebug.abi32  0xa00001c4        0x0 build/default/production/axis.o
 .mdebug.abi32  0xa00001c4        0x0 build/default/production/kreal.o
 .mdebug.abi32  0xa00001c4        0x0 build/default/production/pwm.o
 .mdebug.abi32  0xa00001c4        0x0 build/default/production/_ext/1398951391/cd4048b.o
 .mdebug.abi32  0xa00001c4        0x0 /home/tized/.arduino15/packages/chipKIT/tools/pic32-tools/1.43-pic32gcc/bin/bin/../../lib/gcc/pic32mx/4.8.3/crtbegin.o
 .mdebug.abi32  0xa00001c4        0x0 /home/tized/.arduino15/packages/chipKIT/tools/pic32-tools/1.43-pic32gcc/bin/bin/../../lib/gcc/pic32mx/4.8.3/crtend.o
 .mdebug.abi32  0xa00001c4        0x0 /home/tized/.arduino15/packages/chipKIT/tools/pic32-tools/1.43-pic32gcc/bin/bin/../../lib/gcc/pic32mx/4.8.3/libgcc.a(floatunsisf.o)
 .mdebug.abi32  0xa00001c4        0x0 /home/tized/.arduino15/packages/chipKIT/tools/pic32-tools/1.43-pic32gcc/bin/bin/../../lib/gcc/pic32mx/4.8.3/libgcc.a(adddf3.o)
 .mdebug.abi32  0xa00001c4        0x0 /home/tized/.arduino15/packages/chipKIT/tools/pic32-tools/1.43-pic32gcc/bin/bin/../../lib/gcc/pic32mx/4.8.3/libgcc.a(divdf3.o)
 .mdebug.abi32  0xa00001c4        0x0 /home/tized/.arduino15/packages/chipKIT/tools/pic32-tools/1.43-pic32gcc/bin/bin/../../lib/gcc/pic32mx/4.8.3/libgcc.a(muldf3.o)
 .mdebug.abi32  0xa00001c4        0x0 /home/tized/.arduino15/packages/chipKIT/tools/pic32-tools/1.43-pic32gcc/bin/bin/../../lib/gcc/pic32mx/4.8.3/libgcc.a(subdf3.o)
 .mdebug.abi32  0xa00001c4        0x0 /home/tized/.arduino15/packages/chipKIT/tools/pic32-tools/1.43-pic32gcc/bin/bin/../../lib/gcc/pic32mx/4.8.3/libgcc.a(fixdfsi.o)
 .mdebug.abi32  0xa00001c4        0x0 /home/tized/.arduino15/packages/chipKIT/tools/pic32-tools/1.43-pic32gcc/bin/bin/../../lib/gcc/pic32mx/4.8.3/libgcc.a(extendsfdf2.o)
 .mdebug.abi32  0xa00001c4        0x0 /home/tized/.arduino15/packages/chipKIT/tools/pic32-tools/1.43-pic32gcc/bin/bin/../../lib/gcc/pic32mx/4.8.3/libgcc.a(addsf3.o)
 .mdebug.abi32  0xa00001c4        0x0 /home/tized/.arduino15/packages/chipKIT/tools/pic32-tools/1.43-pic32gcc/bin/bin/../../lib/gcc/pic32mx/4.8.3/libgcc.a(floatsisf.o)
 .mdebug.abi32  0xa00001c4        0x0 /home/tized/.arduino15/packages/chipKIT/tools/pic32-tools/1.43-pic32gcc/bin/bin/../../lib/gcc/pic32mx/4.8.3/../../../../pic32mx/lib/libpic32.a(default-bootstrap-exception-handler.o)
 .mdebug.abi32  0xa00001c4        0x0 /home/tized/.arduino15/packages/chipKIT/tools/pic32-tools/1.43-pic32gcc/bin/bin/../../lib/gcc/pic32mx/4.8.3/../../../../pic32mx/lib/libpic32.a(default-on-reset.o)
 .mdebug.abi32  0xa00001c4        0x0 /home/tized/.arduino15/packages/chipKIT/tools/pic32-tools/1.43-pic32gcc/bin/bin/../../lib/gcc/pic32mx/4.8.3/../../../../pic32mx/lib/libpic32.a(default-on-bootstrap.o)
 .mdebug.abi32  0xa00001c4        0x0 /home/tized/.arduino15/packages/chipKIT/tools/pic32-tools/1.43-pic32gcc/bin/bin/../../lib/gcc/pic32mx/4.8.3/../../../../pic32mx/lib/libpic32.a(default-general-exception-handler.o)
 .mdebug.abi32  0xa00001c4        0x0 /home/tized/.arduino15/packages/chipKIT/tools/pic32-tools/1.43-pic32gcc/bin/bin/../../lib/gcc/pic32mx/4.8.3/../../../../pic32mx/lib/libpic32.a(defaultinterrupt.o)

.mdebug.abiN32
 *(.mdebug.abiN32)

.mdebug.abi64
 *(.mdebug.abi64)

.mdebug.abiO64
 *(.mdebug.abiO64)

.mdebug.eabi32
 *(.mdebug.eabi32)

.mdebug.eabi64
 *(.mdebug.eabi64)
LOAD /home/tized/.arduino15/packages/chipKIT/tools/pic32-tools/1.43-pic32gcc/bin/bin/../../lib/gcc/pic32mx/4.8.3/../../../../pic32mx/lib/libm.a
LOAD /home/tized/.arduino15/packages/chipKIT/tools/pic32-tools/1.43-pic32gcc/bin/bin/../../lib/gcc/pic32mx/4.8.3/../../../../pic32mx/lib/./proc/32MX775F256H/default_isr_vectors.o
LOAD /home/tized/.arduino15/packages/chipKIT/tools/pic32-tools/1.43-pic32gcc/bin/bin/../../lib/gcc/pic32mx/4.8.3/../../../../pic32mx/lib/pic32_software_reset.o
LOAD /home/tized/.arduino15/packages/chipKIT/tools/pic32-tools/1.43-pic32gcc/bin/bin/../../lib/gcc/pic32mx/4.8.3/libgcc.a
START GROUP
LOAD /home/tized/.arduino15/packages/chipKIT/tools/pic32-tools/1.43-pic32gcc/bin/bin/../../lib/gcc/pic32mx/4.8.3/../../../../pic32mx/lib/libc.a
LOAD /home/tized/.arduino15/packages/chipKIT/tools/pic32-tools/1.43-pic32gcc/bin/bin/../../lib/gcc/pic32mx/4.8.3/../../../../pic32mx/lib/libsupc++.a
LOAD /home/tized/.arduino15/packages/chipKIT/tools/pic32-tools/1.43-pic32gcc/bin/bin/../../lib/gcc/pic32mx/4.8.3/../../../../pic32mx/lib/libpic32.a
LOAD /home/tized/.arduino15/packages/chipKIT/tools/pic32-tools/1.43-pic32gcc/bin/bin/../../lib/gcc/pic32mx/4.8.3/libgcc.a
LOAD /home/tized/.arduino15/packages/chipKIT/tools/pic32-tools/1.43-pic32gcc/bin/bin/../../lib/gcc/pic32mx/4.8.3/../../../../pic32mx/lib/libm.a
END GROUP
LOAD /home/tized/.arduino15/packages/chipKIT/tools/pic32-tools/1.43-pic32gcc/bin/bin/../../lib/gcc/pic32mx/4.8.3/libgcc.a
OUTPUT(dist/default/production/Firmware.production.elf elf32-tradlittlemips)
LOAD stack
LOAD data_init

.stack          0xa0000cf8      0x800
 .stack         0xa0000cf8      0x800 stack

.data           0xa00001c8      0x2e8
 .data          0xa00001c8      0x2e8 build/default/production/kreal.o
                0xa00001c8                axis_X
                0xa0000228                axis_Y
                0xa0000288                axis_Z
                0xa00002e8                switch_X_LIMIT
                0xa0000308                switch_X_HOME
                0xa0000328                switch_Y_LIMIT
                0xa0000348                switch_Y_HOME
                0xa0000368                switch_Z_LIMIT
                0xa0000388                switch_Z_HOME
                0xa00003a8                pwm_spindle
                0xa00003c8                pwm_laser
                0xa00003e8                led_red
                0xa0000408                led_blue
                0xa0000428                ic1_logic
                0xa000048c                rxb
                0xa000049c                txb

.bss            0xa00004b0       0x20
 .bss           0xa00004b0       0x20 /home/tized/.arduino15/packages/chipKIT/tools/pic32-tools/1.43-pic32gcc/bin/bin/../../lib/gcc/pic32mx/4.8.3/crtbegin.o

.data           0xa00001c4        0x4
 .data          0xa00001c4        0x4 /home/tized/.arduino15/packages/chipKIT/tools/pic32-tools/1.43-pic32gcc/bin/bin/../../lib/gcc/pic32mx/4.8.3/crtbegin.o

.data           0xa00004d0        0x4
 .data          0xa00004d0        0x4 /home/tized/.arduino15/packages/chipKIT/tools/pic32-tools/1.43-pic32gcc/bin/bin/../../lib/gcc/pic32mx/4.8.3/crtend.o

.eh_frame       0xa00004d4        0x4
 .eh_frame      0xa00004d4        0x4 /home/tized/.arduino15/packages/chipKIT/tools/pic32-tools/1.43-pic32gcc/bin/bin/../../lib/gcc/pic32mx/4.8.3/crtend.o

.jcr            0xa00004d8        0x4
 .jcr           0xa00004d8        0x4 /home/tized/.arduino15/packages/chipKIT/tools/pic32-tools/1.43-pic32gcc/bin/bin/../../lib/gcc/pic32mx/4.8.3/crtend.o

.bss            0x00000000        0x0
 .bss           0x00000000        0x0 /home/tized/.arduino15/packages/chipKIT/tools/pic32-tools/1.43-pic32gcc/bin/bin/../../lib/gcc/pic32mx/4.8.3/../../../../pic32mx/lib/libpic32.a(defaultinterrupt.o)

.data           0x00000000        0x0
 .data          0x00000000        0x0 /home/tized/.arduino15/packages/chipKIT/tools/pic32-tools/1.43-pic32gcc/bin/bin/../../lib/gcc/pic32mx/4.8.3/../../../../pic32mx/lib/libpic32.a(defaultinterrupt.o)

.bss            0x00000000        0x0
 .bss           0x00000000        0x0 /home/tized/.arduino15/packages/chipKIT/tools/pic32-tools/1.43-pic32gcc/bin/bin/../../lib/gcc/pic32mx/4.8.3/../../../../pic32mx/lib/libpic32.a(default-general-exception-handler.o)

.data           0x00000000        0x0
 .data          0x00000000        0x0 /home/tized/.arduino15/packages/chipKIT/tools/pic32-tools/1.43-pic32gcc/bin/bin/../../lib/gcc/pic32mx/4.8.3/../../../../pic32mx/lib/libpic32.a(default-general-exception-handler.o)

.bss            0x00000000        0x0
 .bss           0x00000000        0x0 /home/tized/.arduino15/packages/chipKIT/tools/pic32-tools/1.43-pic32gcc/bin/bin/../../lib/gcc/pic32mx/4.8.3/../../../../pic32mx/lib/libpic32.a(vector51.o)

.data           0x00000000        0x0
 .data          0x00000000        0x0 /home/tized/.arduino15/packages/chipKIT/tools/pic32-tools/1.43-pic32gcc/bin/bin/../../lib/gcc/pic32mx/4.8.3/../../../../pic32mx/lib/libpic32.a(vector51.o)

.bss            0x00000000        0x0
 .bss           0x00000000        0x0 /home/tized/.arduino15/packages/chipKIT/tools/pic32-tools/1.43-pic32gcc/bin/bin/../../lib/gcc/pic32mx/4.8.3/../../../../pic32mx/lib/libpic32.a(vector50.o)

.data           0x00000000        0x0
 .data          0x00000000        0x0 /home/tized/.arduino15/packages/chipKIT/tools/pic32-tools/1.43-pic32gcc/bin/bin/../../lib/gcc/pic32mx/4.8.3/../../../../pic32mx/lib/libpic32.a(vector50.o)

.bss            0x00000000        0x0
 .bss           0x00000000        0x0 /home/tized/.arduino15/packages/chipKIT/tools/pic32-tools/1.43-pic32gcc/bin/bin/../../lib/gcc/pic32mx/4.8.3/../../../../pic32mx/lib/libpic32.a(vector49.o)

.data           0x00000000        0x0
 .data          0x00000000        0x0 /home/tized/.arduino15/packages/chipKIT/tools/pic32-tools/1.43-pic32gcc/bin/bin/../../lib/gcc/pic32mx/4.8.3/../../../../pic32mx/lib/libpic32.a(vector49.o)

.bss            0x00000000        0x0
 .bss           0x00000000        0x0 /home/tized/.arduino15/packages/chipKIT/tools/pic32-tools/1.43-pic32gcc/bin/bin/../../lib/gcc/pic32mx/4.8.3/../../../../pic32mx/lib/libpic32.a(vector48.o)

.data           0x00000000        0x0
 .data          0x00000000        0x0 /home/tized/.arduino15/packages/chipKIT/tools/pic32-tools/1.43-pic32gcc/bin/bin/../../lib/gcc/pic32mx/4.8.3/../../../../pic32mx/lib/libpic32.a(vector48.o)

.bss            0x00000000        0x0
 .bss           0x00000000        0x0 /home/tized/.arduino15/packages/chipKIT/tools/pic32-tools/1.43-pic32gcc/bin/bin/../../lib/gcc/pic32mx/4.8.3/../../../../pic32mx/lib/libpic32.a(vector47.o)

.data           0x00000000        0x0
 .data          0x00000000        0x0 /home/tized/.arduino15/packages/chipKIT/tools/pic32-tools/1.43-pic32gcc/bin/bin/../../lib/gcc/pic32mx/4.8.3/../../../../pic32mx/lib/libpic32.a(vector47.o)

.bss            0x00000000        0x0
 .bss           0x00000000        0x0 /home/tized/.arduino15/packages/chipKIT/tools/pic32-tools/1.43-pic32gcc/bin/bin/../../lib/gcc/pic32mx/4.8.3/../../../../pic32mx/lib/libpic32.a(vector46.o)

.data           0x00000000        0x0
 .data          0x00000000        0x0 /home/tized/.arduino15/packages/chipKIT/tools/pic32-tools/1.43-pic32gcc/bin/bin/../../lib/gcc/pic32mx/4.8.3/../../../../pic32mx/lib/libpic32.a(vector46.o)

.bss            0x00000000        0x0
 .bss           0x00000000        0x0 /home/tized/.arduino15/packages/chipKIT/tools/pic32-tools/1.43-pic32gcc/bin/bin/../../lib/gcc/pic32mx/4.8.3/../../../../pic32mx/lib/libpic32.a(vector45.o)

.data           0x00000000        0x0
 .data          0x00000000        0x0 /home/tized/.arduino15/packages/chipKIT/tools/pic32-tools/1.43-pic32gcc/bin/bin/../../lib/gcc/pic32mx/4.8.3/../../../../pic32mx/lib/libpic32.a(vector45.o)

.bss            0x00000000        0x0
 .bss           0x00000000        0x0 /home/tized/.arduino15/packages/chipKIT/tools/pic32-tools/1.43-pic32gcc/bin/bin/../../lib/gcc/pic32mx/4.8.3/../../../../pic32mx/lib/libpic32.a(vector44.o)

.data           0x00000000        0x0
 .data          0x00000000        0x0 /home/tized/.arduino15/packages/chipKIT/tools/pic32-tools/1.43-pic32gcc/bin/bin/../../lib/gcc/pic32mx/4.8.3/../../../../pic32mx/lib/libpic32.a(vector44.o)

.bss            0x00000000        0x0
 .bss           0x00000000        0x0 /home/tized/.arduino15/packages/chipKIT/tools/pic32-tools/1.43-pic32gcc/bin/bin/../../lib/gcc/pic32mx/4.8.3/../../../../pic32mx/lib/libpic32.a(vector43.o)

.data           0x00000000        0x0
 .data          0x00000000        0x0 /home/tized/.arduino15/packages/chipKIT/tools/pic32-tools/1.43-pic32gcc/bin/bin/../../lib/gcc/pic32mx/4.8.3/../../../../pic32mx/lib/libpic32.a(vector43.o)

.bss            0x00000000        0x0
 .bss           0x00000000        0x0 /home/tized/.arduino15/packages/chipKIT/tools/pic32-tools/1.43-pic32gcc/bin/bin/../../lib/gcc/pic32mx/4.8.3/../../../../pic32mx/lib/libpic32.a(vector42.o)

.data           0x00000000        0x0
 .data          0x00000000        0x0 /home/tized/.arduino15/packages/chipKIT/tools/pic32-tools/1.43-pic32gcc/bin/bin/../../lib/gcc/pic32mx/4.8.3/../../../../pic32mx/lib/libpic32.a(vector42.o)

.bss            0x00000000        0x0
 .bss           0x00000000        0x0 /home/tized/.arduino15/packages/chipKIT/tools/pic32-tools/1.43-pic32gcc/bin/bin/../../lib/gcc/pic32mx/4.8.3/../../../../pic32mx/lib/libpic32.a(vector41.o)

.data           0x00000000        0x0
 .data          0x00000000        0x0 /home/tized/.arduino15/packages/chipKIT/tools/pic32-tools/1.43-pic32gcc/bin/bin/../../lib/gcc/pic32mx/4.8.3/../../../../pic32mx/lib/libpic32.a(vector41.o)

.bss            0x00000000        0x0
 .bss           0x00000000        0x0 /home/tized/.arduino15/packages/chipKIT/tools/pic32-tools/1.43-pic32gcc/bin/bin/../../lib/gcc/pic32mx/4.8.3/../../../../pic32mx/lib/libpic32.a(vector40.o)

.data           0x00000000        0x0
 .data          0x00000000        0x0 /home/tized/.arduino15/packages/chipKIT/tools/pic32-tools/1.43-pic32gcc/bin/bin/../../lib/gcc/pic32mx/4.8.3/../../../../pic32mx/lib/libpic32.a(vector40.o)

.bss            0x00000000        0x0
 .bss           0x00000000        0x0 /home/tized/.arduino15/packages/chipKIT/tools/pic32-tools/1.43-pic32gcc/bin/bin/../../lib/gcc/pic32mx/4.8.3/../../../../pic32mx/lib/libpic32.a(vector39.o)

.data           0x00000000        0x0
 .data          0x00000000        0x0 /home/tized/.arduino15/packages/chipKIT/tools/pic32-tools/1.43-pic32gcc/bin/bin/../../lib/gcc/pic32mx/4.8.3/../../../../pic32mx/lib/libpic32.a(vector39.o)

.bss            0x00000000        0x0
 .bss           0x00000000        0x0 /home/tized/.arduino15/packages/chipKIT/tools/pic32-tools/1.43-pic32gcc/bin/bin/../../lib/gcc/pic32mx/4.8.3/../../../../pic32mx/lib/libpic32.a(vector38.o)

.data           0x00000000        0x0
 .data          0x00000000        0x0 /home/tized/.arduino15/packages/chipKIT/tools/pic32-tools/1.43-pic32gcc/bin/bin/../../lib/gcc/pic32mx/4.8.3/../../../../pic32mx/lib/libpic32.a(vector38.o)

.bss            0x00000000        0x0
 .bss           0x00000000        0x0 /home/tized/.arduino15/packages/chipKIT/tools/pic32-tools/1.43-pic32gcc/bin/bin/../../lib/gcc/pic32mx/4.8.3/../../../../pic32mx/lib/libpic32.a(vector35.o)

.data           0x00000000        0x0
 .data          0x00000000        0x0 /home/tized/.arduino15/packages/chipKIT/tools/pic32-tools/1.43-pic32gcc/bin/bin/../../lib/gcc/pic32mx/4.8.3/../../../../pic32mx/lib/libpic32.a(vector35.o)

.bss            0x00000000        0x0
 .bss           0x00000000        0x0 /home/tized/.arduino15/packages/chipKIT/tools/pic32-tools/1.43-pic32gcc/bin/bin/../../lib/gcc/pic32mx/4.8.3/../../../../pic32mx/lib/libpic32.a(vector34.o)

.data           0x00000000        0x0
 .data          0x00000000        0x0 /home/tized/.arduino15/packages/chipKIT/tools/pic32-tools/1.43-pic32gcc/bin/bin/../../lib/gcc/pic32mx/4.8.3/../../../../pic32mx/lib/libpic32.a(vector34.o)

.bss            0x00000000        0x0
 .bss           0x00000000        0x0 /home/tized/.arduino15/packages/chipKIT/tools/pic32-tools/1.43-pic32gcc/bin/bin/../../lib/gcc/pic32mx/4.8.3/../../../../pic32mx/lib/libpic32.a(vector33.o)

.data           0x00000000        0x0
 .data          0x00000000        0x0 /home/tized/.arduino15/packages/chipKIT/tools/pic32-tools/1.43-pic32gcc/bin/bin/../../lib/gcc/pic32mx/4.8.3/../../../../pic32mx/lib/libpic32.a(vector33.o)

.bss            0x00000000        0x0
 .bss           0x00000000        0x0 /home/tized/.arduino15/packages/chipKIT/tools/pic32-tools/1.43-pic32gcc/bin/bin/../../lib/gcc/pic32mx/4.8.3/../../../../pic32mx/lib/libpic32.a(vector32.o)

.data           0x00000000        0x0
 .data          0x00000000        0x0 /home/tized/.arduino15/packages/chipKIT/tools/pic32-tools/1.43-pic32gcc/bin/bin/../../lib/gcc/pic32mx/4.8.3/../../../../pic32mx/lib/libpic32.a(vector32.o)

.bss            0x00000000        0x0
 .bss           0x00000000        0x0 /home/tized/.arduino15/packages/chipKIT/tools/pic32-tools/1.43-pic32gcc/bin/bin/../../lib/gcc/pic32mx/4.8.3/../../../../pic32mx/lib/libpic32.a(vector31.o)

.data           0x00000000        0x0
 .data          0x00000000        0x0 /home/tized/.arduino15/packages/chipKIT/tools/pic32-tools/1.43-pic32gcc/bin/bin/../../lib/gcc/pic32mx/4.8.3/../../../../pic32mx/lib/libpic32.a(vector31.o)

.bss            0x00000000        0x0
 .bss           0x00000000        0x0 /home/tized/.arduino15/packages/chipKIT/tools/pic32-tools/1.43-pic32gcc/bin/bin/../../lib/gcc/pic32mx/4.8.3/../../../../pic32mx/lib/libpic32.a(vector30.o)

.data           0x00000000        0x0
 .data          0x00000000        0x0 /home/tized/.arduino15/packages/chipKIT/tools/pic32-tools/1.43-pic32gcc/bin/bin/../../lib/gcc/pic32mx/4.8.3/../../../../pic32mx/lib/libpic32.a(vector30.o)

.bss            0x00000000        0x0
 .bss           0x00000000        0x0 /home/tized/.arduino15/packages/chipKIT/tools/pic32-tools/1.43-pic32gcc/bin/bin/../../lib/gcc/pic32mx/4.8.3/../../../../pic32mx/lib/libpic32.a(vector29.o)

.data           0x00000000        0x0
 .data          0x00000000        0x0 /home/tized/.arduino15/packages/chipKIT/tools/pic32-tools/1.43-pic32gcc/bin/bin/../../lib/gcc/pic32mx/4.8.3/../../../../pic32mx/lib/libpic32.a(vector29.o)

.bss            0x00000000        0x0
 .bss           0x00000000        0x0 /home/tized/.arduino15/packages/chipKIT/tools/pic32-tools/1.43-pic32gcc/bin/bin/../../lib/gcc/pic32mx/4.8.3/../../../../pic32mx/lib/libpic32.a(vector28.o)

.data           0x00000000        0x0
 .data          0x00000000        0x0 /home/tized/.arduino15/packages/chipKIT/tools/pic32-tools/1.43-pic32gcc/bin/bin/../../lib/gcc/pic32mx/4.8.3/../../../../pic32mx/lib/libpic32.a(vector28.o)

.bss            0x00000000        0x0
 .bss           0x00000000        0x0 /home/tized/.arduino15/packages/chipKIT/tools/pic32-tools/1.43-pic32gcc/bin/bin/../../lib/gcc/pic32mx/4.8.3/../../../../pic32mx/lib/libpic32.a(vector27.o)

.data           0x00000000        0x0
 .data          0x00000000        0x0 /home/tized/.arduino15/packages/chipKIT/tools/pic32-tools/1.43-pic32gcc/bin/bin/../../lib/gcc/pic32mx/4.8.3/../../../../pic32mx/lib/libpic32.a(vector27.o)

.bss            0x00000000        0x0
 .bss           0x00000000        0x0 /home/tized/.arduino15/packages/chipKIT/tools/pic32-tools/1.43-pic32gcc/bin/bin/../../lib/gcc/pic32mx/4.8.3/../../../../pic32mx/lib/libpic32.a(vector26.o)

.data           0x00000000        0x0
 .data          0x00000000        0x0 /home/tized/.arduino15/packages/chipKIT/tools/pic32-tools/1.43-pic32gcc/bin/bin/../../lib/gcc/pic32mx/4.8.3/../../../../pic32mx/lib/libpic32.a(vector26.o)

.bss            0x00000000        0x0
 .bss           0x00000000        0x0 /home/tized/.arduino15/packages/chipKIT/tools/pic32-tools/1.43-pic32gcc/bin/bin/../../lib/gcc/pic32mx/4.8.3/../../../../pic32mx/lib/libpic32.a(vector25.o)

.data           0x00000000        0x0
 .data          0x00000000        0x0 /home/tized/.arduino15/packages/chipKIT/tools/pic32-tools/1.43-pic32gcc/bin/bin/../../lib/gcc/pic32mx/4.8.3/../../../../pic32mx/lib/libpic32.a(vector25.o)

.bss            0x00000000        0x0
 .bss           0x00000000        0x0 /home/tized/.arduino15/packages/chipKIT/tools/pic32-tools/1.43-pic32gcc/bin/bin/../../lib/gcc/pic32mx/4.8.3/../../../../pic32mx/lib/libpic32.a(vector24.o)

.data           0x00000000        0x0
 .data          0x00000000        0x0 /home/tized/.arduino15/packages/chipKIT/tools/pic32-tools/1.43-pic32gcc/bin/bin/../../lib/gcc/pic32mx/4.8.3/../../../../pic32mx/lib/libpic32.a(vector24.o)

.bss            0x00000000        0x0
 .bss           0x00000000        0x0 /home/tized/.arduino15/packages/chipKIT/tools/pic32-tools/1.43-pic32gcc/bin/bin/../../lib/gcc/pic32mx/4.8.3/../../../../pic32mx/lib/libpic32.a(vector23.o)

.data           0x00000000        0x0
 .data          0x00000000        0x0 /home/tized/.arduino15/packages/chipKIT/tools/pic32-tools/1.43-pic32gcc/bin/bin/../../lib/gcc/pic32mx/4.8.3/../../../../pic32mx/lib/libpic32.a(vector23.o)

.bss            0x00000000        0x0
 .bss           0x00000000        0x0 /home/tized/.arduino15/packages/chipKIT/tools/pic32-tools/1.43-pic32gcc/bin/bin/../../lib/gcc/pic32mx/4.8.3/../../../../pic32mx/lib/libpic32.a(vector22.o)

.data           0x00000000        0x0
 .data          0x00000000        0x0 /home/tized/.arduino15/packages/chipKIT/tools/pic32-tools/1.43-pic32gcc/bin/bin/../../lib/gcc/pic32mx/4.8.3/../../../../pic32mx/lib/libpic32.a(vector22.o)

.bss            0x00000000        0x0
 .bss           0x00000000        0x0 /home/tized/.arduino15/packages/chipKIT/tools/pic32-tools/1.43-pic32gcc/bin/bin/../../lib/gcc/pic32mx/4.8.3/../../../../pic32mx/lib/libpic32.a(vector21.o)

.data           0x00000000        0x0
 .data          0x00000000        0x0 /home/tized/.arduino15/packages/chipKIT/tools/pic32-tools/1.43-pic32gcc/bin/bin/../../lib/gcc/pic32mx/4.8.3/../../../../pic32mx/lib/libpic32.a(vector21.o)

.bss            0x00000000        0x0
 .bss           0x00000000        0x0 /home/tized/.arduino15/packages/chipKIT/tools/pic32-tools/1.43-pic32gcc/bin/bin/../../lib/gcc/pic32mx/4.8.3/../../../../pic32mx/lib/libpic32.a(vector20.o)

.data           0x00000000        0x0
 .data          0x00000000        0x0 /home/tized/.arduino15/packages/chipKIT/tools/pic32-tools/1.43-pic32gcc/bin/bin/../../lib/gcc/pic32mx/4.8.3/../../../../pic32mx/lib/libpic32.a(vector20.o)

.bss            0x00000000        0x0
 .bss           0x00000000        0x0 /home/tized/.arduino15/packages/chipKIT/tools/pic32-tools/1.43-pic32gcc/bin/bin/../../lib/gcc/pic32mx/4.8.3/../../../../pic32mx/lib/libpic32.a(vector19.o)

.data           0x00000000        0x0
 .data          0x00000000        0x0 /home/tized/.arduino15/packages/chipKIT/tools/pic32-tools/1.43-pic32gcc/bin/bin/../../lib/gcc/pic32mx/4.8.3/../../../../pic32mx/lib/libpic32.a(vector19.o)

.bss            0x00000000        0x0
 .bss           0x00000000        0x0 /home/tized/.arduino15/packages/chipKIT/tools/pic32-tools/1.43-pic32gcc/bin/bin/../../lib/gcc/pic32mx/4.8.3/../../../../pic32mx/lib/libpic32.a(vector18.o)

.data           0x00000000        0x0
 .data          0x00000000        0x0 /home/tized/.arduino15/packages/chipKIT/tools/pic32-tools/1.43-pic32gcc/bin/bin/../../lib/gcc/pic32mx/4.8.3/../../../../pic32mx/lib/libpic32.a(vector18.o)

.bss            0x00000000        0x0
 .bss           0x00000000        0x0 /home/tized/.arduino15/packages/chipKIT/tools/pic32-tools/1.43-pic32gcc/bin/bin/../../lib/gcc/pic32mx/4.8.3/../../../../pic32mx/lib/libpic32.a(vector17.o)

.data           0x00000000        0x0
 .data          0x00000000        0x0 /home/tized/.arduino15/packages/chipKIT/tools/pic32-tools/1.43-pic32gcc/bin/bin/../../lib/gcc/pic32mx/4.8.3/../../../../pic32mx/lib/libpic32.a(vector17.o)

.bss            0x00000000        0x0
 .bss           0x00000000        0x0 /home/tized/.arduino15/packages/chipKIT/tools/pic32-tools/1.43-pic32gcc/bin/bin/../../lib/gcc/pic32mx/4.8.3/../../../../pic32mx/lib/libpic32.a(vector16.o)

.data           0x00000000        0x0
 .data          0x00000000        0x0 /home/tized/.arduino15/packages/chipKIT/tools/pic32-tools/1.43-pic32gcc/bin/bin/../../lib/gcc/pic32mx/4.8.3/../../../../pic32mx/lib/libpic32.a(vector16.o)

.bss            0x00000000        0x0
 .bss           0x00000000        0x0 /home/tized/.arduino15/packages/chipKIT/tools/pic32-tools/1.43-pic32gcc/bin/bin/../../lib/gcc/pic32mx/4.8.3/../../../../pic32mx/lib/libpic32.a(vector14.o)

.data           0x00000000        0x0
 .data          0x00000000        0x0 /home/tized/.arduino15/packages/chipKIT/tools/pic32-tools/1.43-pic32gcc/bin/bin/../../lib/gcc/pic32mx/4.8.3/../../../../pic32mx/lib/libpic32.a(vector14.o)

.bss            0x00000000        0x0
 .bss           0x00000000        0x0 /home/tized/.arduino15/packages/chipKIT/tools/pic32-tools/1.43-pic32gcc/bin/bin/../../lib/gcc/pic32mx/4.8.3/../../../../pic32mx/lib/libpic32.a(vector13.o)

.data           0x00000000        0x0
 .data          0x00000000        0x0 /home/tized/.arduino15/packages/chipKIT/tools/pic32-tools/1.43-pic32gcc/bin/bin/../../lib/gcc/pic32mx/4.8.3/../../../../pic32mx/lib/libpic32.a(vector13.o)

.bss            0x00000000        0x0
 .bss           0x00000000        0x0 /home/tized/.arduino15/packages/chipKIT/tools/pic32-tools/1.43-pic32gcc/bin/bin/../../lib/gcc/pic32mx/4.8.3/../../../../pic32mx/lib/libpic32.a(vector12.o)

.data           0x00000000        0x0
 .data          0x00000000        0x0 /home/tized/.arduino15/packages/chipKIT/tools/pic32-tools/1.43-pic32gcc/bin/bin/../../lib/gcc/pic32mx/4.8.3/../../../../pic32mx/lib/libpic32.a(vector12.o)

.bss            0x00000000        0x0
 .bss           0x00000000        0x0 /home/tized/.arduino15/packages/chipKIT/tools/pic32-tools/1.43-pic32gcc/bin/bin/../../lib/gcc/pic32mx/4.8.3/../../../../pic32mx/lib/libpic32.a(vector10.o)

.data           0x00000000        0x0
 .data          0x00000000        0x0 /home/tized/.arduino15/packages/chipKIT/tools/pic32-tools/1.43-pic32gcc/bin/bin/../../lib/gcc/pic32mx/4.8.3/../../../../pic32mx/lib/libpic32.a(vector10.o)

.bss            0x00000000        0x0
 .bss           0x00000000        0x0 /home/tized/.arduino15/packages/chipKIT/tools/pic32-tools/1.43-pic32gcc/bin/bin/../../lib/gcc/pic32mx/4.8.3/../../../../pic32mx/lib/libpic32.a(vector9.o)

.data           0x00000000        0x0
 .data          0x00000000        0x0 /home/tized/.arduino15/packages/chipKIT/tools/pic32-tools/1.43-pic32gcc/bin/bin/../../lib/gcc/pic32mx/4.8.3/../../../../pic32mx/lib/libpic32.a(vector9.o)

.bss            0x00000000        0x0
 .bss           0x00000000        0x0 /home/tized/.arduino15/packages/chipKIT/tools/pic32-tools/1.43-pic32gcc/bin/bin/../../lib/gcc/pic32mx/4.8.3/../../../../pic32mx/lib/libpic32.a(vector8.o)

.data           0x00000000        0x0
 .data          0x00000000        0x0 /home/tized/.arduino15/packages/chipKIT/tools/pic32-tools/1.43-pic32gcc/bin/bin/../../lib/gcc/pic32mx/4.8.3/../../../../pic32mx/lib/libpic32.a(vector8.o)

.bss            0x00000000        0x0
 .bss           0x00000000        0x0 /home/tized/.arduino15/packages/chipKIT/tools/pic32-tools/1.43-pic32gcc/bin/bin/../../lib/gcc/pic32mx/4.8.3/../../../../pic32mx/lib/libpic32.a(vector6.o)

.data           0x00000000        0x0
 .data          0x00000000        0x0 /home/tized/.arduino15/packages/chipKIT/tools/pic32-tools/1.43-pic32gcc/bin/bin/../../lib/gcc/pic32mx/4.8.3/../../../../pic32mx/lib/libpic32.a(vector6.o)

.bss            0x00000000        0x0
 .bss           0x00000000        0x0 /home/tized/.arduino15/packages/chipKIT/tools/pic32-tools/1.43-pic32gcc/bin/bin/../../lib/gcc/pic32mx/4.8.3/../../../../pic32mx/lib/libpic32.a(vector5.o)

.data           0x00000000        0x0
 .data          0x00000000        0x0 /home/tized/.arduino15/packages/chipKIT/tools/pic32-tools/1.43-pic32gcc/bin/bin/../../lib/gcc/pic32mx/4.8.3/../../../../pic32mx/lib/libpic32.a(vector5.o)

.bss            0x00000000        0x0
 .bss           0x00000000        0x0 /home/tized/.arduino15/packages/chipKIT/tools/pic32-tools/1.43-pic32gcc/bin/bin/../../lib/gcc/pic32mx/4.8.3/../../../../pic32mx/lib/libpic32.a(vector2.o)

.data           0x00000000        0x0
 .data          0x00000000        0x0 /home/tized/.arduino15/packages/chipKIT/tools/pic32-tools/1.43-pic32gcc/bin/bin/../../lib/gcc/pic32mx/4.8.3/../../../../pic32mx/lib/libpic32.a(vector2.o)

.bss            0x00000000        0x0
 .bss           0x00000000        0x0 /home/tized/.arduino15/packages/chipKIT/tools/pic32-tools/1.43-pic32gcc/bin/bin/../../lib/gcc/pic32mx/4.8.3/../../../../pic32mx/lib/libpic32.a(vector1.o)

.data           0x00000000        0x0
 .data          0x00000000        0x0 /home/tized/.arduino15/packages/chipKIT/tools/pic32-tools/1.43-pic32gcc/bin/bin/../../lib/gcc/pic32mx/4.8.3/../../../../pic32mx/lib/libpic32.a(vector1.o)

.bss            0x00000000        0x0
 .bss           0x00000000        0x0 /home/tized/.arduino15/packages/chipKIT/tools/pic32-tools/1.43-pic32gcc/bin/bin/../../lib/gcc/pic32mx/4.8.3/../../../../pic32mx/lib/libpic32.a(general-exception.o)

.data           0x00000000        0x0
 .data          0x00000000        0x0 /home/tized/.arduino15/packages/chipKIT/tools/pic32-tools/1.43-pic32gcc/bin/bin/../../lib/gcc/pic32mx/4.8.3/../../../../pic32mx/lib/libpic32.a(general-exception.o)

.bss            0x00000000        0x0
 .bss           0x00000000        0x0 /home/tized/.arduino15/packages/chipKIT/tools/pic32-tools/1.43-pic32gcc/bin/bin/../../lib/gcc/pic32mx/4.8.3/../../../../pic32mx/lib/libpic32.a(default-nmi-handler.o)

.data           0x00000000        0x0
 .data          0x00000000        0x0 /home/tized/.arduino15/packages/chipKIT/tools/pic32-tools/1.43-pic32gcc/bin/bin/../../lib/gcc/pic32mx/4.8.3/../../../../pic32mx/lib/libpic32.a(default-nmi-handler.o)

.bss            0x00000000        0x0
 .bss           0x00000000        0x0 /home/tized/.arduino15/packages/chipKIT/tools/pic32-tools/1.43-pic32gcc/bin/bin/../../lib/gcc/pic32mx/4.8.3/../../../../pic32mx/lib/libpic32.a(default-on-bootstrap.o)

.data           0x00000000        0x0
 .data          0x00000000        0x0 /home/tized/.arduino15/packages/chipKIT/tools/pic32-tools/1.43-pic32gcc/bin/bin/../../lib/gcc/pic32mx/4.8.3/../../../../pic32mx/lib/libpic32.a(default-on-bootstrap.o)

.bss            0x00000000        0x0
 .bss           0x00000000        0x0 /home/tized/.arduino15/packages/chipKIT/tools/pic32-tools/1.43-pic32gcc/bin/bin/../../lib/gcc/pic32mx/4.8.3/../../../../pic32mx/lib/libpic32.a(default-on-reset.o)

.data           0x00000000        0x0
 .data          0x00000000        0x0 /home/tized/.arduino15/packages/chipKIT/tools/pic32-tools/1.43-pic32gcc/bin/bin/../../lib/gcc/pic32mx/4.8.3/../../../../pic32mx/lib/libpic32.a(default-on-reset.o)

.bss            0x00000000        0x0
 .bss           0x00000000        0x0 /home/tized/.arduino15/packages/chipKIT/tools/pic32-tools/1.43-pic32gcc/bin/bin/../../lib/gcc/pic32mx/4.8.3/../../../../pic32mx/lib/libpic32.a(default-bootstrap-exception-handler.o)

.data           0x00000000        0x0
 .data          0x00000000        0x0 /home/tized/.arduino15/packages/chipKIT/tools/pic32-tools/1.43-pic32gcc/bin/bin/../../lib/gcc/pic32mx/4.8.3/../../../../pic32mx/lib/libpic32.a(default-bootstrap-exception-handler.o)

.bss            0x00000000        0x0